<html>
<body>
<pre>
<h1>µVision Build Log</h1>
<h2>Tool Versions:</h2>
IDE-Version: µVision V5.28.0.0
Copyright (C) 2019 ARM Ltd and ARM Germany GmbH. All rights reserved.
License Information: irem uguz, bogazici university, LIC=----
 
Tool Versions:
Toolchain:       MDK-Lite  Version: 5.28.0.0
Toolchain Path:  C:\Keil_v5\ARM\ARMCC\Bin
C Compiler:      Armcc.exe V5.06 update 6 (build 750)
Assembler:       Armasm.exe V5.06 update 6 (build 750)
Linker/Locator:  ArmLink.exe V5.06 update 6 (build 750)
Library Manager: ArmAr.exe V5.06 update 6 (build 750)
Hex Converter:   FromElf.exe V5.06 update 6 (build 750)
CPU DLL:         SARMCM3.DLL V5.28.0.0
Dialog DLL:      DCM.DLL V1.17.3.0
Target DLL:      CMSIS_AGDI.dll V1.31.18.0
Dialog DLL:      TCM.DLL V1.36.2.0
 
<h2>Project:</h2>
C:\Users\ECEM\Desktop\LAB_008_2\LAB_008\LAB_008.uvprojx
Project File Date:  12/29/2019

<h2>Output:</h2>
*** Using Compiler 'V5.06 update 6 (build 750)', folder: 'C:\Keil_v5\ARM\ARMCC\Bin'
Rebuild target 'NXP_LPC4088'
compiling PWM.c...
Library\SystemStructures.h(16): warning:  #1-D: last line of file ends without a newline
  #endif
Library\PWM.c: 1 warning, 0 errors
compiling GPIO.c...
Library\SystemStructures.h(16): warning:  #1-D: last line of file ends without a newline
  #endif
Library\GPIO.h(60): warning:  #1295-D: Deprecated declaration MotorA_Clockwise - give arg types
  void MotorA_Clockwise();
Library\GPIO.h(61): warning:  #1295-D: Deprecated declaration MotorA_CounterClockwise - give arg types
  void MotorA_CounterClockwise();
Library\GPIO.h(62): warning:  #1295-D: Deprecated declaration MotorA_Init - give arg types
  void MotorA_Init();
Library\GPIO.h(63): warning:  #1295-D: Deprecated declaration MotorB_Clockwise - give arg types
  void MotorB_Clockwise();
Library\GPIO.h(64): warning:  #1295-D: Deprecated declaration MotorB_CounterClockwise - give arg types
  void MotorB_CounterClockwise();
Library\GPIO.h(65): warning:  #1295-D: Deprecated declaration MotorB_Init - give arg types
  void MotorB_Init();
Library\GPIO.h(66): warning:  #1295-D: Deprecated declaration Motor_Init - give arg types
  void Motor_Init();
Library\GPIO.h(67): warning:  #1295-D: Deprecated declaration Motor_Forward - give arg types
  void Motor_Forward();
Library\GPIO.h(68): warning:  #1295-D: Deprecated declaration Motor_Backward - give arg types
  void Motor_Backward();
Library\GPIO.h(69): warning:  #1295-D: Deprecated declaration Motor_Right - give arg types
  void Motor_Right();
Library\GPIO.h(70): warning:  #1295-D: Deprecated declaration Motor_Left - give arg types
  void Motor_Left();
Library\GPIO.c(89): warning:  #1-D: last line of file ends without a newline
  }
Library\GPIO.c: 13 warnings, 0 errors
compiling main.c...
Library/SystemStructures.h(16): warning:  #1-D: last line of file ends without a newline
  #endif
Library/GPIO.h(60): warning:  #1295-D: Deprecated declaration MotorA_Clockwise - give arg types
  void MotorA_Clockwise();
Library/GPIO.h(61): warning:  #1295-D: Deprecated declaration MotorA_CounterClockwise - give arg types
  void MotorA_CounterClockwise();
Library/GPIO.h(62): warning:  #1295-D: Deprecated declaration MotorA_Init - give arg types
  void MotorA_Init();
Library/GPIO.h(63): warning:  #1295-D: Deprecated declaration MotorB_Clockwise - give arg types
  void MotorB_Clockwise();
Library/GPIO.h(64): warning:  #1295-D: Deprecated declaration MotorB_CounterClockwise - give arg types
  void MotorB_CounterClockwise();
Library/GPIO.h(65): warning:  #1295-D: Deprecated declaration MotorB_Init - give arg types
  void MotorB_Init();
Library/GPIO.h(66): warning:  #1295-D: Deprecated declaration Motor_Init - give arg types
  void Motor_Init();
Library/GPIO.h(67): warning:  #1295-D: Deprecated declaration Motor_Forward - give arg types
  void Motor_Forward();
Library/GPIO.h(68): warning:  #1295-D: Deprecated declaration Motor_Backward - give arg types
  void Motor_Backward();
Library/GPIO.h(69): warning:  #1295-D: Deprecated declaration Motor_Right - give arg types
  void Motor_Right();
Library/GPIO.h(70): warning:  #1295-D: Deprecated declaration Motor_Left - give arg types
  void Motor_Left();
Library/Timer.h(51): warning:  #1295-D: Deprecated declaration ADC_Timer_Init - give arg types
  void ADC_Timer_Init();
Library/Timer.h(56): warning:  #1295-D: Deprecated declaration TimerInit - give arg types
  void TimerInit();
Library/Timer.h(57): warning:  #1295-D: Deprecated declaration calculateUSDistance - give arg types
  uint32_t calculateUSDistance();
main.c: 15 warnings, 0 errors
compiling External.c...
compiling Serial.c...
Library\SystemStructures.h(16): warning:  #1-D: last line of file ends without a newline
  #endif
Library\Serial.c: 1 warning, 0 errors
compiling LED.c...
Library\SystemStructures.h(16): warning:  #1-D: last line of file ends without a newline
  #endif
Library\GPIO.h(60): warning:  #1295-D: Deprecated declaration MotorA_Clockwise - give arg types
  void MotorA_Clockwise();
Library\GPIO.h(61): warning:  #1295-D: Deprecated declaration MotorA_CounterClockwise - give arg types
  void MotorA_CounterClockwise();
Library\GPIO.h(62): warning:  #1295-D: Deprecated declaration MotorA_Init - give arg types
  void MotorA_Init();
Library\GPIO.h(63): warning:  #1295-D: Deprecated declaration MotorB_Clockwise - give arg types
  void MotorB_Clockwise();
Library\GPIO.h(64): warning:  #1295-D: Deprecated declaration MotorB_CounterClockwise - give arg types
  void MotorB_CounterClockwise();
Library\GPIO.h(65): warning:  #1295-D: Deprecated declaration MotorB_Init - give arg types
  void MotorB_Init();
Library\GPIO.h(66): warning:  #1295-D: Deprecated declaration Motor_Init - give arg types
  void Motor_Init();
Library\GPIO.h(67): warning:  #1295-D: Deprecated declaration Motor_Forward - give arg types
  void Motor_Forward();
Library\GPIO.h(68): warning:  #1295-D: Deprecated declaration Motor_Backward - give arg types
  void Motor_Backward();
Library\GPIO.h(69): warning:  #1295-D: Deprecated declaration Motor_Right - give arg types
  void Motor_Right();
Library\GPIO.h(70): warning:  #1295-D: Deprecated declaration Motor_Left - give arg types
  void Motor_Left();
Library\LED.c: 12 warnings, 0 errors
compiling HM10.c...
Library\SystemStructures.h(16): warning:  #1-D: last line of file ends without a newline
  #endif
Library\HM10.c: 1 warning, 0 errors
compiling ADC.c...
Library\SystemStructures.h(16): warning:  #1-D: last line of file ends without a newline
  #endif
Library\ADC.c: 1 warning, 0 errors
compiling Timer.c...
Library\SystemStructures.h(16): warning:  #1-D: last line of file ends without a newline
  #endif
Library\Timer.h(51): warning:  #1295-D: Deprecated declaration ADC_Timer_Init - give arg types
  void ADC_Timer_Init();
Library\Timer.h(56): warning:  #1295-D: Deprecated declaration TimerInit - give arg types
  void TimerInit();
Library\Timer.h(57): warning:  #1295-D: Deprecated declaration calculateUSDistance - give arg types
  uint32_t calculateUSDistance();
Library\Timer.c(164): warning:  #1-D: last line of file ends without a newline
  }
Library\Timer.c: 5 warnings, 0 errors
assembling startup_LPC407x_8x_177x_8x.s...
compiling system_LPC407x_8x_177x_8x.c...
linking...
Program Size: Code=5532 RO-data=340 RW-data=92 ZI-data=1540  
".\Objects\LAB_008.axf" - 0 Error(s), 49 Warning(s).

<h2>Software Packages used:</h2>

Package Vendor: ARM
                http://www.keil.com/pack/ARM.CMSIS.5.5.1.pack
                ARM.CMSIS.5.5.1
                CMSIS (Cortex Microcontroller Software Interface Standard)
   * Component: CORE Version: 5.2.0

Package Vendor: Keil
                http://www.keil.com/pack/Keil.LPC4000_DFP.2.1.0.pack
                Keil.LPC4000_DFP.2.1.0
                NXP LPC4000 Series Device Support
   * Component: Startup Version: 1.0.1

<h2>Collection of Component include folders:</h2>
  .\RTE\Device\LPC4088FET208
  .\RTE\_NXP_LPC4088
  C:\Users\ECEM\AppData\Local\Arm\Packs\ARM\CMSIS\5.5.1\CMSIS\Core\Include
  C:\Users\ECEM\AppData\Local\Arm\Packs\Keil\LPC4000_DFP\2.1.0\Device\Include

<h2>Collection of Component Files used:</h2>

   * Component: ARM::CMSIS:CORE:5.2.0

   * Component: Keil::Device:Startup:1.0.1
      Source file:   Device\Source\ARM\startup_LPC407x_8x_177x_8x.s
      Include file:  Device\Include\system_LPC407x_8x_177x_8x.h
      Include file:  Device\Include\LPC407x_8x_177x_8x.h
      Include file:  RTE_Driver\Config\RTE_Device.h
      Source file:   Device\Source\system_LPC407x_8x_177x_8x.c
Build Time Elapsed:  00:00:03
</pre>
</body>
</html>
