Component: ARM Compiler 5.06 update 6 (build 750) Tool: armlink [4d35ed]

==============================================================================

Section Cross References

    main.o(i.init) refers to timer.o(i.TimerInit) for TimerInit
    main.o(i.init) refers to adc.o(i.ADC_Init) for ADC_Init
    main.o(i.init) refers to external.o(i.External_Init) for External_Init
    main.o(i.init) refers to pwm.o(i.PWM_Init) for PWM_Init
    main.o(i.init) refers to hm10.o(i.HM10_Init) for HM10_Init
    main.o(i.init) refers to gpio.o(i.Motor_Init) for Motor_Init
    main.o(i.init) refers to pwm.o(i.PWM_Write) for PWM_Write
    main.o(i.init) refers to hm10.o(i.HM10_ClearBuffer) for HM10_ClearBuffer
    main.o(i.init) refers to hm10.o(i.HM10_SendCommand) for HM10_SendCommand
    main.o(i.init) refers to pwm.o(i.PWM_Cycle_Rate) for PWM_Cycle_Rate
    main.o(i.init) refers to hm10.o(.data) for HM10NewDataAvailable
    main.o(i.main) refers to main.o(i.init) for init
    main.o(i.main) refers to main.o(i.update) for update
    main.o(i.motor_pwm_write) refers to pwm.o(i.PWM_Write) for PWM_Write
    main.o(i.set_pwm_rates) refers to pwm.o(i.PWM_Write) for PWM_Write
    main.o(i.update) refers to strcpy.o(.text) for strcpy
    main.o(i.update) refers to hm10.o(i.HM10_SendCommand) for HM10_SendCommand
    main.o(i.update) refers to hm10.o(i.HM10_ClearBuffer) for HM10_ClearBuffer
    main.o(i.update) refers to strcmp.o(.text) for strcmp
    main.o(i.update) refers to main.o(i.set_pwm_rates) for set_pwm_rates
    main.o(i.update) refers to main.o(i.motor_pwm_write) for motor_pwm_write
    main.o(i.update) refers to timer.o(i.calculateUSDistance) for calculateUSDistance
    main.o(i.update) refers to printf1.o(i.__0sprintf$1) for __2sprintf
    main.o(i.update) refers to gpio.o(i.Motor_Forward) for Motor_Forward
    main.o(i.update) refers to pwm.o(i.PWM_Cycle_Rate) for PWM_Cycle_Rate
    main.o(i.update) refers to gpio.o(i.Motor_Backward) for Motor_Backward
    main.o(i.update) refers to gpio.o(i.Motor_Left) for Motor_Left
    main.o(i.update) refers to gpio.o(i.Motor_Right) for Motor_Right
    main.o(i.update) refers to hm10.o(.data) for HM10NewDataAvailable
    main.o(i.update) refers to hm10.o(.bss) for HM10Buffer
    main.o(i.update) refers to main.o(.bss) for characters
    main.o(i.update) refers to main.o(.data) for mode
    main.o(i.update) refers to adc.o(.data) for ADC_LDR_Last
    main.o(i.update) refers to main.o(.conststring) for .conststring
    main.o(i.update) refers to external.o(.data) for rotations
    main.o(i.update) refers to timer.o(.data) for ultrasonicSensorNewDataAvailable
    main.o(i.update) refers to memseta.o(.text) for __aeabi_memclr
    gpio.o(i.Motor_Backward) refers to gpio.o(i.MotorA_Clockwise) for MotorA_Clockwise
    gpio.o(i.Motor_Backward) refers to gpio.o(i.MotorB_Clockwise) for MotorB_Clockwise
    gpio.o(i.Motor_Forward) refers to gpio.o(i.MotorA_CounterClockwise) for MotorA_CounterClockwise
    gpio.o(i.Motor_Forward) refers to gpio.o(i.MotorB_CounterClockwise) for MotorB_CounterClockwise
    gpio.o(i.Motor_Init) refers to gpio.o(i.MotorA_Init) for MotorA_Init
    gpio.o(i.Motor_Init) refers to gpio.o(i.MotorB_Init) for MotorB_Init
    gpio.o(i.Motor_Left) refers to gpio.o(i.MotorA_Clockwise) for MotorA_Clockwise
    gpio.o(i.Motor_Left) refers to gpio.o(i.MotorB_CounterClockwise) for MotorB_CounterClockwise
    gpio.o(i.Motor_Right) refers to gpio.o(i.MotorA_CounterClockwise) for MotorA_CounterClockwise
    gpio.o(i.Motor_Right) refers to gpio.o(i.MotorB_Clockwise) for MotorB_Clockwise
    pwm.o(i.PWM_Init) refers to pwm.o(i.set_pwm_func) for set_pwm_func
    pwm.o(i.PWM_Init) refers to pwm.o(i.set_pwm1_func) for set_pwm1_func
    external.o(i.EINT0_IRQHandler) refers to external.o(.data) for counter
    led.o(i.LED1_Init) refers to gpio.o(i.GPIO_DIR_Write) for GPIO_DIR_Write
    led.o(i.LED1_Off) refers to gpio.o(i.GPIO_PIN_Write) for GPIO_PIN_Write
    led.o(i.LED1_On) refers to gpio.o(i.GPIO_PIN_Write) for GPIO_PIN_Write
    led.o(i.LED2_Init) refers to gpio.o(i.GPIO_DIR_Write) for GPIO_DIR_Write
    led.o(i.LED2_Off) refers to gpio.o(i.GPIO_PIN_Write) for GPIO_PIN_Write
    led.o(i.LED2_On) refers to gpio.o(i.GPIO_PIN_Write) for GPIO_PIN_Write
    led.o(i.LED3_Init) refers to gpio.o(i.GPIO_DIR_Write) for GPIO_DIR_Write
    led.o(i.LED3_Off) refers to gpio.o(i.GPIO_PIN_Write) for GPIO_PIN_Write
    led.o(i.LED3_On) refers to gpio.o(i.GPIO_PIN_Write) for GPIO_PIN_Write
    led.o(i.LED4_Init) refers to gpio.o(i.GPIO_DIR_Write) for GPIO_DIR_Write
    led.o(i.LED4_Off) refers to gpio.o(i.GPIO_PIN_Write) for GPIO_PIN_Write
    led.o(i.LED4_On) refers to gpio.o(i.GPIO_PIN_Write) for GPIO_PIN_Write
    led.o(i.LED_Init) refers to led.o(i.LED1_Init) for LED1_Init
    led.o(i.LED_Init) refers to led.o(i.LED2_Init) for LED2_Init
    led.o(i.LED_Init) refers to led.o(i.LED3_Init) for LED3_Init
    led.o(i.LED_Init) refers to led.o(i.LED4_Init) for LED4_Init
    led.o(i.LED_OFF) refers to led.o(i.LED1_Off) for LED1_Off
    led.o(i.LED_OFF) refers to led.o(i.LED2_Off) for LED2_Off
    led.o(i.LED_OFF) refers to led.o(i.LED3_Off) for LED3_Off
    led.o(i.LED_OFF) refers to led.o(i.LED4_Off) for LED4_Off
    led.o(i.LED_ON) refers to led.o(i.LED1_On) for LED1_On
    led.o(i.LED_ON) refers to led.o(i.LED2_On) for LED2_On
    led.o(i.LED_ON) refers to led.o(i.LED3_On) for LED3_On
    led.o(i.LED_ON) refers to led.o(i.LED4_On) for LED4_On
    serial.o(i.Serial_Init) refers to serial.o(i.set_uart_func) for set_uart_func
    serial.o(i.Serial_WriteData) refers to serial.o(.data) for serialTransmitCompleted
    serial.o(i.UART0_IRQHandler) refers to serial.o(i.Serial_ReadData) for Serial_ReadData
    serial.o(i.UART0_IRQHandler) refers to serial.o(i.Serial_WriteData) for Serial_WriteData
    serial.o(i.UART0_IRQHandler) refers to serial.o(.data) for serialReceivedCharacter
    hm10.o(i.HM10_ClearBuffer) refers to memseta.o(.text) for __aeabi_memclr
    hm10.o(i.HM10_ClearBuffer) refers to hm10.o(.data) for HM10CurrentBufferIndex
    hm10.o(i.HM10_ClearBuffer) refers to hm10.o(.bss) for HM10Buffer
    hm10.o(i.HM10_SendCommand) refers to hm10.o(i.HM10_Write) for HM10_Write
    hm10.o(i.HM10_Write) refers to hm10.o(i.HM10_WriteData) for HM10_WriteData
    hm10.o(i.UART3_IRQHandler) refers to hm10.o(i.HM10_ReadData) for HM10_ReadData
    hm10.o(i.UART3_IRQHandler) refers to hm10.o(.bss) for HM10Buffer
    hm10.o(i.UART3_IRQHandler) refers to hm10.o(.data) for HM10CurrentBufferIndex
    timer.o(i.TIMER2_IRQHandler) refers to timer.o(.data) for ultrasonicSensorCaptureRisingEdge
    timer.o(i.TIMER3_IRQHandler) refers to timer.o(.data) for ultrasonicSensorTriggerStart
    timer.o(i.TimerInit) refers to timer.o(i.ADC_Timer_Init) for ADC_Timer_Init
    timer.o(i.TimerInit) refers to timer.o(i.Ultrasonic_Trigger_Timer_Init) for Ultrasonic_Trigger_Timer_Init
    timer.o(i.TimerInit) refers to timer.o(i.Ultrasonic_Capture_Timer_Init) for Ultrasonic_Capture_Timer_Init
    timer.o(i.TimerInit) refers to timer.o(i.Ultrasonic_Start_Trigger_Timer) for Ultrasonic_Start_Trigger_Timer
    timer.o(i.Ultrasonic_Capture_Timer_Init) refers to timer.o(i.__NVIC_EnableIRQ) for __NVIC_EnableIRQ
    timer.o(i.Ultrasonic_Trigger_Timer_Init) refers to timer.o(i.__NVIC_EnableIRQ) for __NVIC_EnableIRQ
    timer.o(i.calculateUSDistance) refers to timer.o(.data) for ultrasonicSensorNewDataAvailable
    adc.o(i.ADC_IRQHandler) refers to adc.o(.data) for ADC_Pm_Last
    adc.o(i.ADC_Init) refers to adc.o(i.ADC_Pm_Init) for ADC_Pm_Init
    adc.o(i.ADC_Init) refers to adc.o(i.ADC_LDR_Init) for ADC_LDR_Init
    adc.o(i.ADC_LDR_GetLastValue) refers to adc.o(.data) for ADC_LDR_New_Data_Available
    adc.o(i.ADC_LDR_Init) refers to adc.o(i.ADC_LDR_Start) for ADC_LDR_Start
    adc.o(i.ADC_Pm_GetLastValue) refers to adc.o(.data) for ADC_Pm_New_Data_Available
    adc.o(i.ADC_Pm_Init) refers to adc.o(i.ADC_Pm_Start) for ADC_Pm_Start
    startup_lpc407x_8x_177x_8x.o(RESET) refers to startup_lpc407x_8x_177x_8x.o(STACK) for __initial_sp
    startup_lpc407x_8x_177x_8x.o(RESET) refers to startup_lpc407x_8x_177x_8x.o(.text) for Reset_Handler
    startup_lpc407x_8x_177x_8x.o(RESET) refers to timer.o(i.TIMER2_IRQHandler) for TIMER2_IRQHandler
    startup_lpc407x_8x_177x_8x.o(RESET) refers to timer.o(i.TIMER3_IRQHandler) for TIMER3_IRQHandler
    startup_lpc407x_8x_177x_8x.o(RESET) refers to serial.o(i.UART0_IRQHandler) for UART0_IRQHandler
    startup_lpc407x_8x_177x_8x.o(RESET) refers to hm10.o(i.UART3_IRQHandler) for UART3_IRQHandler
    startup_lpc407x_8x_177x_8x.o(RESET) refers to external.o(i.EINT0_IRQHandler) for EINT0_IRQHandler
    startup_lpc407x_8x_177x_8x.o(RESET) refers to adc.o(i.ADC_IRQHandler) for ADC_IRQHandler
    startup_lpc407x_8x_177x_8x.o(.text) refers to system_lpc407x_8x_177x_8x.o(i.SystemInit) for SystemInit
    startup_lpc407x_8x_177x_8x.o(.text) refers to entry.o(.ARM.Collect$$$$00000000) for __main
    system_lpc407x_8x_177x_8x.o(i.SystemCoreClockUpdate) refers to system_lpc407x_8x_177x_8x.o(.data) for SystemCoreClock
    system_lpc407x_8x_177x_8x.o(i.SystemInit) refers to system_lpc407x_8x_177x_8x.o(i.fpu_init) for fpu_init
    system_lpc407x_8x_177x_8x.o(i.SystemInit) refers to system_lpc407x_8x_177x_8x.o(i.SystemCoreClockUpdate) for SystemCoreClockUpdate
    entry.o(.ARM.Collect$$$$00000000) refers (Special) to entry10a.o(.ARM.Collect$$$$0000000D) for __rt_final_cpp
    entry.o(.ARM.Collect$$$$00000000) refers (Special) to entry11a.o(.ARM.Collect$$$$0000000F) for __rt_final_exit
    entry.o(.ARM.Collect$$$$00000000) refers (Special) to entry7b.o(.ARM.Collect$$$$00000008) for _main_clock
    entry.o(.ARM.Collect$$$$00000000) refers (Special) to entry8b.o(.ARM.Collect$$$$0000000A) for _main_cpp_init
    entry.o(.ARM.Collect$$$$00000000) refers (Special) to entry9a.o(.ARM.Collect$$$$0000000B) for _main_init
    entry.o(.ARM.Collect$$$$00000000) refers (Special) to entry5.o(.ARM.Collect$$$$00000004) for _main_scatterload
    entry.o(.ARM.Collect$$$$00000000) refers (Special) to entry2.o(.ARM.Collect$$$$00000001) for _main_stk
    printfb.o(i.__0fprintf$bare) refers to printfb.o(i._printf_core) for _printf_core
    printfb.o(i.__0fprintf$bare) refers to fputc.o(i.fputc) for fputc
    printfb.o(i.__0printf$bare) refers to printfb.o(i._printf_core) for _printf_core
    printfb.o(i.__0printf$bare) refers to fputc.o(i.fputc) for fputc
    printfb.o(i.__0printf$bare) refers to stdout.o(.data) for __stdout
    printfb.o(i.__0snprintf$bare) refers to printfb.o(i._printf_core) for _printf_core
    printfb.o(i.__0snprintf$bare) refers to printfb.o(i._snputc) for _snputc
    printfb.o(i.__0sprintf$bare) refers to printfb.o(i._printf_core) for _printf_core
    printfb.o(i.__0sprintf$bare) refers to printfb.o(i._sputc) for _sputc
    printfb.o(i.__0vfprintf$bare) refers to printfb.o(i._printf_core) for _printf_core
    printfb.o(i.__0vfprintf$bare) refers to fputc.o(i.fputc) for fputc
    printfb.o(i.__0vprintf$bare) refers to printfb.o(i._printf_core) for _printf_core
    printfb.o(i.__0vprintf$bare) refers to fputc.o(i.fputc) for fputc
    printfb.o(i.__0vprintf$bare) refers to stdout.o(.data) for __stdout
    printfb.o(i.__0vsnprintf$bare) refers to printfb.o(i._printf_core) for _printf_core
    printfb.o(i.__0vsnprintf$bare) refers to printfb.o(i._snputc) for _snputc
    printfb.o(i.__0vsprintf$bare) refers to printfb.o(i._printf_core) for _printf_core
    printfb.o(i.__0vsprintf$bare) refers to printfb.o(i._sputc) for _sputc
    printf0.o(i.__0fprintf$0) refers to printf0.o(i._printf_core) for _printf_core
    printf0.o(i.__0fprintf$0) refers to fputc.o(i.fputc) for fputc
    printf0.o(i.__0printf$0) refers to printf0.o(i._printf_core) for _printf_core
    printf0.o(i.__0printf$0) refers to fputc.o(i.fputc) for fputc
    printf0.o(i.__0printf$0) refers to stdout.o(.data) for __stdout
    printf0.o(i.__0snprintf$0) refers to printf0.o(i._printf_core) for _printf_core
    printf0.o(i.__0snprintf$0) refers to printf0.o(i._snputc) for _snputc
    printf0.o(i.__0sprintf$0) refers to printf0.o(i._printf_core) for _printf_core
    printf0.o(i.__0sprintf$0) refers to printf0.o(i._sputc) for _sputc
    printf0.o(i.__0vfprintf$0) refers to printf0.o(i._printf_core) for _printf_core
    printf0.o(i.__0vfprintf$0) refers to fputc.o(i.fputc) for fputc
    printf0.o(i.__0vprintf$0) refers to printf0.o(i._printf_core) for _printf_core
    printf0.o(i.__0vprintf$0) refers to fputc.o(i.fputc) for fputc
    printf0.o(i.__0vprintf$0) refers to stdout.o(.data) for __stdout
    printf0.o(i.__0vsnprintf$0) refers to printf0.o(i._printf_core) for _printf_core
    printf0.o(i.__0vsnprintf$0) refers to printf0.o(i._snputc) for _snputc
    printf0.o(i.__0vsprintf$0) refers to printf0.o(i._printf_core) for _printf_core
    printf0.o(i.__0vsprintf$0) refers to printf0.o(i._sputc) for _sputc
    printf1.o(i.__0fprintf$1) refers to printf1.o(i._printf_core) for _printf_core
    printf1.o(i.__0fprintf$1) refers to fputc.o(i.fputc) for fputc
    printf1.o(i.__0printf$1) refers to printf1.o(i._printf_core) for _printf_core
    printf1.o(i.__0printf$1) refers to fputc.o(i.fputc) for fputc
    printf1.o(i.__0printf$1) refers to stdout.o(.data) for __stdout
    printf1.o(i.__0snprintf$1) refers to printf1.o(i._printf_core) for _printf_core
    printf1.o(i.__0snprintf$1) refers to printf1.o(i._snputc) for _snputc
    printf1.o(i.__0sprintf$1) refers to printf1.o(i._printf_core) for _printf_core
    printf1.o(i.__0sprintf$1) refers to printf1.o(i._sputc) for _sputc
    printf1.o(i.__0vfprintf$1) refers to printf1.o(i._printf_core) for _printf_core
    printf1.o(i.__0vfprintf$1) refers to fputc.o(i.fputc) for fputc
    printf1.o(i.__0vprintf$1) refers to printf1.o(i._printf_core) for _printf_core
    printf1.o(i.__0vprintf$1) refers to fputc.o(i.fputc) for fputc
    printf1.o(i.__0vprintf$1) refers to stdout.o(.data) for __stdout
    printf1.o(i.__0vsnprintf$1) refers to printf1.o(i._printf_core) for _printf_core
    printf1.o(i.__0vsnprintf$1) refers to printf1.o(i._snputc) for _snputc
    printf1.o(i.__0vsprintf$1) refers to printf1.o(i._printf_core) for _printf_core
    printf1.o(i.__0vsprintf$1) refers to printf1.o(i._sputc) for _sputc
    printf1.o(i._printf_core) refers to uidiv.o(.text) for __aeabi_uidivmod
    printf2.o(i.__0fprintf$2) refers to printf2.o(i._printf_core) for _printf_core
    printf2.o(i.__0fprintf$2) refers to fputc.o(i.fputc) for fputc
    printf2.o(i.__0printf$2) refers to printf2.o(i._printf_core) for _printf_core
    printf2.o(i.__0printf$2) refers to fputc.o(i.fputc) for fputc
    printf2.o(i.__0printf$2) refers to stdout.o(.data) for __stdout
    printf2.o(i.__0snprintf$2) refers to printf2.o(i._printf_core) for _printf_core
    printf2.o(i.__0snprintf$2) refers to printf2.o(i._snputc) for _snputc
    printf2.o(i.__0sprintf$2) refers to printf2.o(i._printf_core) for _printf_core
    printf2.o(i.__0sprintf$2) refers to printf2.o(i._sputc) for _sputc
    printf2.o(i.__0vfprintf$2) refers to printf2.o(i._printf_core) for _printf_core
    printf2.o(i.__0vfprintf$2) refers to fputc.o(i.fputc) for fputc
    printf2.o(i.__0vprintf$2) refers to printf2.o(i._printf_core) for _printf_core
    printf2.o(i.__0vprintf$2) refers to fputc.o(i.fputc) for fputc
    printf2.o(i.__0vprintf$2) refers to stdout.o(.data) for __stdout
    printf2.o(i.__0vsnprintf$2) refers to printf2.o(i._printf_core) for _printf_core
    printf2.o(i.__0vsnprintf$2) refers to printf2.o(i._snputc) for _snputc
    printf2.o(i.__0vsprintf$2) refers to printf2.o(i._printf_core) for _printf_core
    printf2.o(i.__0vsprintf$2) refers to printf2.o(i._sputc) for _sputc
    printf3.o(i.__0fprintf$3) refers to printf3.o(i._printf_core) for _printf_core
    printf3.o(i.__0fprintf$3) refers to fputc.o(i.fputc) for fputc
    printf3.o(i.__0printf$3) refers to printf3.o(i._printf_core) for _printf_core
    printf3.o(i.__0printf$3) refers to fputc.o(i.fputc) for fputc
    printf3.o(i.__0printf$3) refers to stdout.o(.data) for __stdout
    printf3.o(i.__0snprintf$3) refers to printf3.o(i._printf_core) for _printf_core
    printf3.o(i.__0snprintf$3) refers to printf3.o(i._snputc) for _snputc
    printf3.o(i.__0sprintf$3) refers to printf3.o(i._printf_core) for _printf_core
    printf3.o(i.__0sprintf$3) refers to printf3.o(i._sputc) for _sputc
    printf3.o(i.__0vfprintf$3) refers to printf3.o(i._printf_core) for _printf_core
    printf3.o(i.__0vfprintf$3) refers to fputc.o(i.fputc) for fputc
    printf3.o(i.__0vprintf$3) refers to printf3.o(i._printf_core) for _printf_core
    printf3.o(i.__0vprintf$3) refers to fputc.o(i.fputc) for fputc
    printf3.o(i.__0vprintf$3) refers to stdout.o(.data) for __stdout
    printf3.o(i.__0vsnprintf$3) refers to printf3.o(i._printf_core) for _printf_core
    printf3.o(i.__0vsnprintf$3) refers to printf3.o(i._snputc) for _snputc
    printf3.o(i.__0vsprintf$3) refers to printf3.o(i._printf_core) for _printf_core
    printf3.o(i.__0vsprintf$3) refers to printf3.o(i._sputc) for _sputc
    printf3.o(i._printf_core) refers to uidiv.o(.text) for __aeabi_uidivmod
    printf4.o(i.__0fprintf$4) refers to printf4.o(i._printf_core) for _printf_core
    printf4.o(i.__0fprintf$4) refers to fputc.o(i.fputc) for fputc
    printf4.o(i.__0printf$4) refers to printf4.o(i._printf_core) for _printf_core
    printf4.o(i.__0printf$4) refers to fputc.o(i.fputc) for fputc
    printf4.o(i.__0printf$4) refers to stdout.o(.data) for __stdout
    printf4.o(i.__0snprintf$4) refers to printf4.o(i._printf_core) for _printf_core
    printf4.o(i.__0snprintf$4) refers to printf4.o(i._snputc) for _snputc
    printf4.o(i.__0sprintf$4) refers to printf4.o(i._printf_core) for _printf_core
    printf4.o(i.__0sprintf$4) refers to printf4.o(i._sputc) for _sputc
    printf4.o(i.__0vfprintf$4) refers to printf4.o(i._printf_core) for _printf_core
    printf4.o(i.__0vfprintf$4) refers to fputc.o(i.fputc) for fputc
    printf4.o(i.__0vprintf$4) refers to printf4.o(i._printf_core) for _printf_core
    printf4.o(i.__0vprintf$4) refers to fputc.o(i.fputc) for fputc
    printf4.o(i.__0vprintf$4) refers to stdout.o(.data) for __stdout
    printf4.o(i.__0vsnprintf$4) refers to printf4.o(i._printf_core) for _printf_core
    printf4.o(i.__0vsnprintf$4) refers to printf4.o(i._snputc) for _snputc
    printf4.o(i.__0vsprintf$4) refers to printf4.o(i._printf_core) for _printf_core
    printf4.o(i.__0vsprintf$4) refers to printf4.o(i._sputc) for _sputc
    printf4.o(i._printf_core) refers to uldiv.o(.text) for __aeabi_uldivmod
    printf5.o(i.__0fprintf$5) refers to printf5.o(i._printf_core) for _printf_core
    printf5.o(i.__0fprintf$5) refers to fputc.o(i.fputc) for fputc
    printf5.o(i.__0printf$5) refers to printf5.o(i._printf_core) for _printf_core
    printf5.o(i.__0printf$5) refers to fputc.o(i.fputc) for fputc
    printf5.o(i.__0printf$5) refers to stdout.o(.data) for __stdout
    printf5.o(i.__0snprintf$5) refers to printf5.o(i._printf_core) for _printf_core
    printf5.o(i.__0snprintf$5) refers to printf5.o(i._snputc) for _snputc
    printf5.o(i.__0sprintf$5) refers to printf5.o(i._printf_core) for _printf_core
    printf5.o(i.__0sprintf$5) refers to printf5.o(i._sputc) for _sputc
    printf5.o(i.__0vfprintf$5) refers to printf5.o(i._printf_core) for _printf_core
    printf5.o(i.__0vfprintf$5) refers to fputc.o(i.fputc) for fputc
    printf5.o(i.__0vprintf$5) refers to printf5.o(i._printf_core) for _printf_core
    printf5.o(i.__0vprintf$5) refers to fputc.o(i.fputc) for fputc
    printf5.o(i.__0vprintf$5) refers to stdout.o(.data) for __stdout
    printf5.o(i.__0vsnprintf$5) refers to printf5.o(i._printf_core) for _printf_core
    printf5.o(i.__0vsnprintf$5) refers to printf5.o(i._snputc) for _snputc
    printf5.o(i.__0vsprintf$5) refers to printf5.o(i._printf_core) for _printf_core
    printf5.o(i.__0vsprintf$5) refers to printf5.o(i._sputc) for _sputc
    printf5.o(i._printf_core) refers to uldiv.o(.text) for __aeabi_uldivmod
    printf6.o(i.__0fprintf$6) refers to printf6.o(i._printf_core) for _printf_core
    printf6.o(i.__0fprintf$6) refers to fputc.o(i.fputc) for fputc
    printf6.o(i.__0printf$6) refers to printf6.o(i._printf_core) for _printf_core
    printf6.o(i.__0printf$6) refers to fputc.o(i.fputc) for fputc
    printf6.o(i.__0printf$6) refers to stdout.o(.data) for __stdout
    printf6.o(i.__0snprintf$6) refers to printf6.o(i._printf_core) for _printf_core
    printf6.o(i.__0snprintf$6) refers to printf6.o(i._snputc) for _snputc
    printf6.o(i.__0sprintf$6) refers to printf6.o(i._printf_core) for _printf_core
    printf6.o(i.__0sprintf$6) refers to printf6.o(i._sputc) for _sputc
    printf6.o(i.__0vfprintf$6) refers to printf6.o(i._printf_core) for _printf_core
    printf6.o(i.__0vfprintf$6) refers to fputc.o(i.fputc) for fputc
    printf6.o(i.__0vprintf$6) refers to printf6.o(i._printf_core) for _printf_core
    printf6.o(i.__0vprintf$6) refers to fputc.o(i.fputc) for fputc
    printf6.o(i.__0vprintf$6) refers to stdout.o(.data) for __stdout
    printf6.o(i.__0vsnprintf$6) refers to printf6.o(i._printf_core) for _printf_core
    printf6.o(i.__0vsnprintf$6) refers to printf6.o(i._snputc) for _snputc
    printf6.o(i.__0vsprintf$6) refers to printf6.o(i._printf_core) for _printf_core
    printf6.o(i.__0vsprintf$6) refers to printf6.o(i._sputc) for _sputc
    printf6.o(i._printf_core) refers to printf6.o(i._printf_pre_padding) for _printf_pre_padding
    printf6.o(i._printf_core) refers to uidiv.o(.text) for __aeabi_uidivmod
    printf6.o(i._printf_core) refers to printf6.o(i._printf_post_padding) for _printf_post_padding
    printf7.o(i.__0fprintf$7) refers to printf7.o(i._printf_core) for _printf_core
    printf7.o(i.__0fprintf$7) refers to fputc.o(i.fputc) for fputc
    printf7.o(i.__0printf$7) refers to printf7.o(i._printf_core) for _printf_core
    printf7.o(i.__0printf$7) refers to fputc.o(i.fputc) for fputc
    printf7.o(i.__0printf$7) refers to stdout.o(.data) for __stdout
    printf7.o(i.__0snprintf$7) refers to printf7.o(i._printf_core) for _printf_core
    printf7.o(i.__0snprintf$7) refers to printf7.o(i._snputc) for _snputc
    printf7.o(i.__0sprintf$7) refers to printf7.o(i._printf_core) for _printf_core
    printf7.o(i.__0sprintf$7) refers to printf7.o(i._sputc) for _sputc
    printf7.o(i.__0vfprintf$7) refers to printf7.o(i._printf_core) for _printf_core
    printf7.o(i.__0vfprintf$7) refers to fputc.o(i.fputc) for fputc
    printf7.o(i.__0vprintf$7) refers to printf7.o(i._printf_core) for _printf_core
    printf7.o(i.__0vprintf$7) refers to fputc.o(i.fputc) for fputc
    printf7.o(i.__0vprintf$7) refers to stdout.o(.data) for __stdout
    printf7.o(i.__0vsnprintf$7) refers to printf7.o(i._printf_core) for _printf_core
    printf7.o(i.__0vsnprintf$7) refers to printf7.o(i._snputc) for _snputc
    printf7.o(i.__0vsprintf$7) refers to printf7.o(i._printf_core) for _printf_core
    printf7.o(i.__0vsprintf$7) refers to printf7.o(i._sputc) for _sputc
    printf7.o(i._printf_core) refers to printf7.o(i._printf_pre_padding) for _printf_pre_padding
    printf7.o(i._printf_core) refers to uldiv.o(.text) for __aeabi_uldivmod
    printf7.o(i._printf_core) refers to printf7.o(i._printf_post_padding) for _printf_post_padding
    printf8.o(i.__0fprintf$8) refers to printf8.o(i._printf_core) for _printf_core
    printf8.o(i.__0fprintf$8) refers to fputc.o(i.fputc) for fputc
    printf8.o(i.__0printf$8) refers to printf8.o(i._printf_core) for _printf_core
    printf8.o(i.__0printf$8) refers to fputc.o(i.fputc) for fputc
    printf8.o(i.__0printf$8) refers to stdout.o(.data) for __stdout
    printf8.o(i.__0snprintf$8) refers to printf8.o(i._printf_core) for _printf_core
    printf8.o(i.__0snprintf$8) refers to printf8.o(i._snputc) for _snputc
    printf8.o(i.__0sprintf$8) refers to printf8.o(i._printf_core) for _printf_core
    printf8.o(i.__0sprintf$8) refers to printf8.o(i._sputc) for _sputc
    printf8.o(i.__0vfprintf$8) refers to printf8.o(i._printf_core) for _printf_core
    printf8.o(i.__0vfprintf$8) refers to fputc.o(i.fputc) for fputc
    printf8.o(i.__0vprintf$8) refers to printf8.o(i._printf_core) for _printf_core
    printf8.o(i.__0vprintf$8) refers to fputc.o(i.fputc) for fputc
    printf8.o(i.__0vprintf$8) refers to stdout.o(.data) for __stdout
    printf8.o(i.__0vsnprintf$8) refers to printf8.o(i._printf_core) for _printf_core
    printf8.o(i.__0vsnprintf$8) refers to printf8.o(i._snputc) for _snputc
    printf8.o(i.__0vsprintf$8) refers to printf8.o(i._printf_core) for _printf_core
    printf8.o(i.__0vsprintf$8) refers to printf8.o(i._sputc) for _sputc
    printf8.o(i._printf_core) refers to printf8.o(i._printf_pre_padding) for _printf_pre_padding
    printf8.o(i._printf_core) refers to uldiv.o(.text) for __aeabi_uldivmod
    printf8.o(i._printf_core) refers to printf8.o(i._printf_post_padding) for _printf_post_padding
    printfa.o(i.__0fprintf) refers (Special) to iusefp.o(.text) for __I$use$fp
    printfa.o(i.__0fprintf) refers to printfa.o(i._printf_core) for _printf_core
    printfa.o(i.__0fprintf) refers to fputc.o(i.fputc) for fputc
    printfa.o(i.__0printf) refers (Special) to iusefp.o(.text) for __I$use$fp
    printfa.o(i.__0printf) refers to printfa.o(i._printf_core) for _printf_core
    printfa.o(i.__0printf) refers to fputc.o(i.fputc) for fputc
    printfa.o(i.__0printf) refers to stdout.o(.data) for __stdout
    printfa.o(i.__0snprintf) refers (Special) to iusefp.o(.text) for __I$use$fp
    printfa.o(i.__0snprintf) refers to printfa.o(i._printf_core) for _printf_core
    printfa.o(i.__0snprintf) refers to printfa.o(i._snputc) for _snputc
    printfa.o(i.__0sprintf) refers (Special) to iusefp.o(.text) for __I$use$fp
    printfa.o(i.__0sprintf) refers to printfa.o(i._printf_core) for _printf_core
    printfa.o(i.__0sprintf) refers to printfa.o(i._sputc) for _sputc
    printfa.o(i.__0vfprintf) refers (Special) to iusefp.o(.text) for __I$use$fp
    printfa.o(i.__0vfprintf) refers to printfa.o(i._printf_core) for _printf_core
    printfa.o(i.__0vfprintf) refers to fputc.o(i.fputc) for fputc
    printfa.o(i.__0vprintf) refers (Special) to iusefp.o(.text) for __I$use$fp
    printfa.o(i.__0vprintf) refers to printfa.o(i._printf_core) for _printf_core
    printfa.o(i.__0vprintf) refers to fputc.o(i.fputc) for fputc
    printfa.o(i.__0vprintf) refers to stdout.o(.data) for __stdout
    printfa.o(i.__0vsnprintf) refers (Special) to iusefp.o(.text) for __I$use$fp
    printfa.o(i.__0vsnprintf) refers to printfa.o(i._printf_core) for _printf_core
    printfa.o(i.__0vsnprintf) refers to printfa.o(i._snputc) for _snputc
    printfa.o(i.__0vsprintf) refers (Special) to iusefp.o(.text) for __I$use$fp
    printfa.o(i.__0vsprintf) refers to printfa.o(i._printf_core) for _printf_core
    printfa.o(i.__0vsprintf) refers to printfa.o(i._sputc) for _sputc
    printfa.o(i._fp_digits) refers (Special) to iusefp.o(.text) for __I$use$fp
    printfa.o(i._fp_digits) refers to dmul.o(.text) for __aeabi_dmul
    printfa.o(i._fp_digits) refers to ddiv.o(.text) for __aeabi_ddiv
    printfa.o(i._fp_digits) refers to cdrcmple.o(.text) for __aeabi_cdrcmple
    printfa.o(i._fp_digits) refers to dadd.o(.text) for __aeabi_dadd
    printfa.o(i._fp_digits) refers to dfixul.o(.text) for __aeabi_d2ulz
    printfa.o(i._fp_digits) refers to uldiv.o(.text) for __aeabi_uldivmod
    printfa.o(i._printf_core) refers (Special) to iusefp.o(.text) for __I$use$fp
    printfa.o(i._printf_core) refers to printfa.o(i._printf_pre_padding) for _printf_pre_padding
    printfa.o(i._printf_core) refers to uldiv.o(.text) for __aeabi_uldivmod
    printfa.o(i._printf_core) refers to printfa.o(i._printf_post_padding) for _printf_post_padding
    printfa.o(i._printf_core) refers to printfa.o(i._fp_digits) for _fp_digits
    printfa.o(i._printf_core) refers to uidiv.o(.text) for __aeabi_uidivmod
    printfa.o(i._printf_post_padding) refers (Special) to iusefp.o(.text) for __I$use$fp
    printfa.o(i._printf_pre_padding) refers (Special) to iusefp.o(.text) for __I$use$fp
    printfa.o(i._snputc) refers (Special) to iusefp.o(.text) for __I$use$fp
    printfa.o(i._sputc) refers (Special) to iusefp.o(.text) for __I$use$fp
    entry2.o(.ARM.Collect$$$$00000001) refers to entry2.o(.ARM.Collect$$$$00002712) for __lit__00000000
    entry2.o(.ARM.Collect$$$$00002712) refers to startup_lpc407x_8x_177x_8x.o(STACK) for __initial_sp
    entry2.o(__vectab_stack_and_reset_area) refers to startup_lpc407x_8x_177x_8x.o(STACK) for __initial_sp
    entry2.o(__vectab_stack_and_reset_area) refers to entry.o(.ARM.Collect$$$$00000000) for __main
    entry5.o(.ARM.Collect$$$$00000004) refers to init.o(.text) for __scatterload
    entry9a.o(.ARM.Collect$$$$0000000B) refers to main.o(i.main) for main
    entry9b.o(.ARM.Collect$$$$0000000C) refers to main.o(i.main) for main
    fputc.o(i.fputc) refers (Special) to iusesemip.o(.text) for __I$use$semihosting$fputc
    fputc.o(i.fputc) refers (Special) to semi.o(.text) for __semihosting_library_function
    uldiv.o(.text) refers to llushr.o(.text) for __aeabi_llsr
    uldiv.o(.text) refers to llshl.o(.text) for __aeabi_llsl
    dadd.o(.text) refers to llshl.o(.text) for __aeabi_llsl
    dadd.o(.text) refers to llsshr.o(.text) for __aeabi_lasr
    dadd.o(.text) refers to depilogue.o(.text) for _double_epilogue
    dmul.o(.text) refers to depilogue.o(.text) for _double_epilogue
    ddiv.o(.text) refers to depilogue.o(.text) for _double_round
    dfixul.o(.text) refers to llushr.o(.text) for __aeabi_llsr
    dfixul.o(.text) refers to llshl.o(.text) for __aeabi_llsl
    init.o(.text) refers to entry5.o(.ARM.Collect$$$$00000004) for __main_after_scatterload
    depilogue.o(.text) refers to llshl.o(.text) for __aeabi_llsl
    depilogue.o(.text) refers to llushr.o(.text) for __aeabi_llsr


==============================================================================

Removing Unused input sections from the image.

    Removing main.o(.rev16_text), (4 bytes).
    Removing main.o(.revsh_text), (4 bytes).
    Removing main.o(.rrx_text), (6 bytes).
    Removing gpio.o(.rev16_text), (4 bytes).
    Removing gpio.o(.revsh_text), (4 bytes).
    Removing gpio.o(.rrx_text), (6 bytes).
    Removing gpio.o(i.GPIO_DIR_Write), (18 bytes).
    Removing gpio.o(i.GPIO_PIN_Read), (10 bytes).
    Removing gpio.o(i.GPIO_PIN_Write), (18 bytes).
    Removing pwm.o(.rev16_text), (4 bytes).
    Removing pwm.o(.revsh_text), (4 bytes).
    Removing pwm.o(.rrx_text), (6 bytes).
    Removing external.o(.rev16_text), (4 bytes).
    Removing external.o(.revsh_text), (4 bytes).
    Removing external.o(.rrx_text), (6 bytes).
    Removing led.o(.rev16_text), (4 bytes).
    Removing led.o(.revsh_text), (4 bytes).
    Removing led.o(.rrx_text), (6 bytes).
    Removing led.o(i.LED1_Init), (20 bytes).
    Removing led.o(i.LED1_Off), (20 bytes).
    Removing led.o(i.LED1_On), (20 bytes).
    Removing led.o(i.LED2_Init), (20 bytes).
    Removing led.o(i.LED2_Off), (20 bytes).
    Removing led.o(i.LED2_On), (20 bytes).
    Removing led.o(i.LED3_Init), (20 bytes).
    Removing led.o(i.LED3_Off), (20 bytes).
    Removing led.o(i.LED3_On), (20 bytes).
    Removing led.o(i.LED4_Init), (20 bytes).
    Removing led.o(i.LED4_Off), (20 bytes).
    Removing led.o(i.LED4_On), (20 bytes).
    Removing led.o(i.LED_Init), (20 bytes).
    Removing led.o(i.LED_OFF), (20 bytes).
    Removing led.o(i.LED_ON), (20 bytes).
    Removing serial.o(.rev16_text), (4 bytes).
    Removing serial.o(.revsh_text), (4 bytes).
    Removing serial.o(.rrx_text), (6 bytes).
    Removing serial.o(i.Serial_Init), (88 bytes).
    Removing serial.o(i.set_uart_func), (14 bytes).
    Removing hm10.o(.rev16_text), (4 bytes).
    Removing hm10.o(.revsh_text), (4 bytes).
    Removing hm10.o(.rrx_text), (6 bytes).
    Removing timer.o(.rev16_text), (4 bytes).
    Removing timer.o(.revsh_text), (4 bytes).
    Removing timer.o(.rrx_text), (6 bytes).
    Removing adc.o(.rev16_text), (4 bytes).
    Removing adc.o(.revsh_text), (4 bytes).
    Removing adc.o(.rrx_text), (6 bytes).
    Removing adc.o(i.ADC_LDR_GetLastValue), (20 bytes).
    Removing adc.o(i.ADC_Pm_GetLastValue), (20 bytes).
    Removing startup_lpc407x_8x_177x_8x.o(HEAP), (0 bytes).
    Removing system_lpc407x_8x_177x_8x.o(.rev16_text), (4 bytes).
    Removing system_lpc407x_8x_177x_8x.o(.revsh_text), (4 bytes).
    Removing system_lpc407x_8x_177x_8x.o(.rrx_text), (6 bytes).
    Removing dadd.o(.text), (334 bytes).
    Removing dmul.o(.text), (228 bytes).
    Removing ddiv.o(.text), (222 bytes).
    Removing dfixul.o(.text), (48 bytes).
    Removing cdrcmple.o(.text), (48 bytes).
    Removing depilogue.o(.text), (186 bytes).

59 unused section(s) (total 1694 bytes) removed from the image.

==============================================================================

Image Symbol Table

    Local Symbols

    Symbol Name                              Value     Ov Type        Size  Object(Section)

    RESET                                    0x00000000   Section      228  startup_lpc407x_8x_177x_8x.o(RESET)
    ../clib/microlib/division.c              0x00000000   Number         0  uldiv.o ABSOLUTE
    ../clib/microlib/division.c              0x00000000   Number         0  uidiv.o ABSOLUTE
    ../clib/microlib/init/entry.s            0x00000000   Number         0  entry11a.o ABSOLUTE
    ../clib/microlib/init/entry.s            0x00000000   Number         0  entry.o ABSOLUTE
    ../clib/microlib/init/entry.s            0x00000000   Number         0  entry11b.o ABSOLUTE
    ../clib/microlib/init/entry.s            0x00000000   Number         0  entry10a.o ABSOLUTE
    ../clib/microlib/init/entry.s            0x00000000   Number         0  entry8a.o ABSOLUTE
    ../clib/microlib/init/entry.s            0x00000000   Number         0  entry10b.o ABSOLUTE
    ../clib/microlib/init/entry.s            0x00000000   Number         0  entry9b.o ABSOLUTE
    ../clib/microlib/init/entry.s            0x00000000   Number         0  entry8b.o ABSOLUTE
    ../clib/microlib/init/entry.s            0x00000000   Number         0  entry2.o ABSOLUTE
    ../clib/microlib/init/entry.s            0x00000000   Number         0  entry7b.o ABSOLUTE
    ../clib/microlib/init/entry.s            0x00000000   Number         0  entry7a.o ABSOLUTE
    ../clib/microlib/init/entry.s            0x00000000   Number         0  entry9a.o ABSOLUTE
    ../clib/microlib/init/entry.s            0x00000000   Number         0  entry5.o ABSOLUTE
    ../clib/microlib/longlong.c              0x00000000   Number         0  llshl.o ABSOLUTE
    ../clib/microlib/longlong.c              0x00000000   Number         0  llushr.o ABSOLUTE
    ../clib/microlib/longlong.c              0x00000000   Number         0  llsshr.o ABSOLUTE
    ../clib/microlib/printf/printf.c         0x00000000   Number         0  printfa.o ABSOLUTE
    ../clib/microlib/printf/printf.c         0x00000000   Number         0  printfb.o ABSOLUTE
    ../clib/microlib/printf/printf.c         0x00000000   Number         0  printf1.o ABSOLUTE
    ../clib/microlib/printf/printf.c         0x00000000   Number         0  printf8.o ABSOLUTE
    ../clib/microlib/printf/printf.c         0x00000000   Number         0  printf7.o ABSOLUTE
    ../clib/microlib/printf/printf.c         0x00000000   Number         0  printf6.o ABSOLUTE
    ../clib/microlib/printf/printf.c         0x00000000   Number         0  printf5.o ABSOLUTE
    ../clib/microlib/printf/printf.c         0x00000000   Number         0  printf0.o ABSOLUTE
    ../clib/microlib/printf/printf.c         0x00000000   Number         0  printf3.o ABSOLUTE
    ../clib/microlib/printf/printf.c         0x00000000   Number         0  printf4.o ABSOLUTE
    ../clib/microlib/printf/printf.c         0x00000000   Number         0  printf2.o ABSOLUTE
    ../clib/microlib/printf/stubs.s          0x00000000   Number         0  stubs.o ABSOLUTE
    ../clib/microlib/stdio/fputc.c           0x00000000   Number         0  fputc.o ABSOLUTE
    ../clib/microlib/stdio/semi.s            0x00000000   Number         0  semi.o ABSOLUTE
    ../clib/microlib/stdio/streams.c         0x00000000   Number         0  stdout.o ABSOLUTE
    ../clib/microlib/string/memset.c         0x00000000   Number         0  memseta.o ABSOLUTE
    ../clib/microlib/string/strcmp.c         0x00000000   Number         0  strcmp.o ABSOLUTE
    ../clib/microlib/string/strcpy.c         0x00000000   Number         0  strcpy.o ABSOLUTE
    ../clib/microlib/stubs.s                 0x00000000   Number         0  iusefp.o ABSOLUTE
    ../clib/microlib/stubs.s                 0x00000000   Number         0  iusesemip.o ABSOLUTE
    ../fplib/microlib/fpadd.c                0x00000000   Number         0  dadd.o ABSOLUTE
    ../fplib/microlib/fpdiv.c                0x00000000   Number         0  ddiv.o ABSOLUTE
    ../fplib/microlib/fpepilogue.c           0x00000000   Number         0  depilogue.o ABSOLUTE
    ../fplib/microlib/fpfix.c                0x00000000   Number         0  dfixul.o ABSOLUTE
    ../fplib/microlib/fpmul.c                0x00000000   Number         0  dmul.o ABSOLUTE
    Library\ADC.c                            0x00000000   Number         0  adc.o ABSOLUTE
    Library\External.c                       0x00000000   Number         0  external.o ABSOLUTE
    Library\GPIO.c                           0x00000000   Number         0  gpio.o ABSOLUTE
    Library\HM10.c                           0x00000000   Number         0  hm10.o ABSOLUTE
    Library\LED.c                            0x00000000   Number         0  led.o ABSOLUTE
    Library\PWM.c                            0x00000000   Number         0  pwm.o ABSOLUTE
    Library\Serial.c                         0x00000000   Number         0  serial.o ABSOLUTE
    Library\Timer.c                          0x00000000   Number         0  timer.o ABSOLUTE
    Library\\ADC.c                           0x00000000   Number         0  adc.o ABSOLUTE
    Library\\External.c                      0x00000000   Number         0  external.o ABSOLUTE
    Library\\GPIO.c                          0x00000000   Number         0  gpio.o ABSOLUTE
    Library\\HM10.c                          0x00000000   Number         0  hm10.o ABSOLUTE
    Library\\LED.c                           0x00000000   Number         0  led.o ABSOLUTE
    Library\\PWM.c                           0x00000000   Number         0  pwm.o ABSOLUTE
    Library\\Serial.c                        0x00000000   Number         0  serial.o ABSOLUTE
    Library\\Timer.c                         0x00000000   Number         0  timer.o ABSOLUTE
    RTE\Device\LPC4088FET208\startup_LPC407x_8x_177x_8x.s 0x00000000   Number         0  startup_lpc407x_8x_177x_8x.o ABSOLUTE
    RTE\Device\LPC4088FET208\system_LPC407x_8x_177x_8x.c 0x00000000   Number         0  system_lpc407x_8x_177x_8x.o ABSOLUTE
    RTE\\Device\\LPC4088FET208\\system_LPC407x_8x_177x_8x.c 0x00000000   Number         0  system_lpc407x_8x_177x_8x.o ABSOLUTE
    cdrcmple.s                               0x00000000   Number         0  cdrcmple.o ABSOLUTE
    dc.s                                     0x00000000   Number         0  dc.o ABSOLUTE
    handlers.s                               0x00000000   Number         0  handlers.o ABSOLUTE
    init.s                                   0x00000000   Number         0  init.o ABSOLUTE
    main.c                                   0x00000000   Number         0  main.o ABSOLUTE
    main.c                                   0x00000000   Number         0  main.o ABSOLUTE
    .ARM.Collect$$$$00000000                 0x000000e4   Section        0  entry.o(.ARM.Collect$$$$00000000)
    .ARM.Collect$$$$00000001                 0x000000e4   Section        4  entry2.o(.ARM.Collect$$$$00000001)
    .ARM.Collect$$$$00000004                 0x000000e8   Section        4  entry5.o(.ARM.Collect$$$$00000004)
    .ARM.Collect$$$$00000008                 0x000000ec   Section        0  entry7b.o(.ARM.Collect$$$$00000008)
    .ARM.Collect$$$$0000000A                 0x000000ec   Section        0  entry8b.o(.ARM.Collect$$$$0000000A)
    .ARM.Collect$$$$0000000B                 0x000000ec   Section        8  entry9a.o(.ARM.Collect$$$$0000000B)
    .ARM.Collect$$$$0000000D                 0x000000f4   Section        0  entry10a.o(.ARM.Collect$$$$0000000D)
    .ARM.Collect$$$$0000000F                 0x000000f4   Section        0  entry11a.o(.ARM.Collect$$$$0000000F)
    .ARM.Collect$$$$00002712                 0x000000f4   Section        4  entry2.o(.ARM.Collect$$$$00002712)
    __lit__00000000                          0x000000f4   Data           4  entry2.o(.ARM.Collect$$$$00002712)
    .text                                    0x000000f8   Section       36  startup_lpc407x_8x_177x_8x.o(.text)
    $v0                                      0x000000f8   Number         0  startup_lpc407x_8x_177x_8x.o(.text)
    .text                                    0x0000011c   Section        0  memseta.o(.text)
    .text                                    0x00000140   Section        0  strcmp.o(.text)
    .text                                    0x0000015c   Section        0  strcpy.o(.text)
    .text                                    0x0000016e   Section        0  uidiv.o(.text)
    .text                                    0x0000019c   Section       36  init.o(.text)
    i.ADC_IRQHandler                         0x000001c0   Section        0  adc.o(i.ADC_IRQHandler)
    i.ADC_Init                               0x00000260   Section        0  adc.o(i.ADC_Init)
    i.ADC_LDR_Start                          0x000002b8   Section        0  adc.o(i.ADC_LDR_Start)
    i.ADC_Pm_Start                           0x000002cc   Section        0  adc.o(i.ADC_Pm_Start)
    i.HM10_ClearBuffer                       0x000002e0   Section        0  hm10.o(i.HM10_ClearBuffer)
    .ARM.__at_0x02FC                         0x000002fc   Section        4  startup_lpc407x_8x_177x_8x.o(.ARM.__at_0x02FC)
    i.ADC_LDR_Init                           0x00000300   Section        0  adc.o(i.ADC_LDR_Init)
    i.ADC_Pm_Init                            0x00000348   Section        0  adc.o(i.ADC_Pm_Init)
    i.ADC_Timer_Init                         0x00000380   Section        0  timer.o(i.ADC_Timer_Init)
    i.EINT0_IRQHandler                       0x00000414   Section        0  external.o(i.EINT0_IRQHandler)
    i.External_Init                          0x00000458   Section        0  external.o(i.External_Init)
    i.HM10_Init                              0x000004bc   Section        0  hm10.o(i.HM10_Init)
    i.HM10_ReadData                          0x00000544   Section        0  hm10.o(i.HM10_ReadData)
    i.HM10_SendCommand                       0x0000055c   Section        0  hm10.o(i.HM10_SendCommand)
    i.HM10_Write                             0x00000568   Section        0  hm10.o(i.HM10_Write)
    i.HM10_WriteData                         0x00000580   Section        0  hm10.o(i.HM10_WriteData)
    i.MotorA_Clockwise                       0x00000598   Section        0  gpio.o(i.MotorA_Clockwise)
    i.MotorA_CounterClockwise                0x000005ac   Section        0  gpio.o(i.MotorA_CounterClockwise)
    i.MotorA_Init                            0x000005c0   Section        0  gpio.o(i.MotorA_Init)
    i.MotorB_Clockwise                       0x00000600   Section        0  gpio.o(i.MotorB_Clockwise)
    i.MotorB_CounterClockwise                0x00000614   Section        0  gpio.o(i.MotorB_CounterClockwise)
    i.MotorB_Init                            0x00000628   Section        0  gpio.o(i.MotorB_Init)
    i.Motor_Backward                         0x00000668   Section        0  gpio.o(i.Motor_Backward)
    i.Motor_Forward                          0x00000674   Section        0  gpio.o(i.Motor_Forward)
    i.Motor_Init                             0x00000680   Section        0  gpio.o(i.Motor_Init)
    i.Motor_Left                             0x0000068c   Section        0  gpio.o(i.Motor_Left)
    i.Motor_Right                            0x00000698   Section        0  gpio.o(i.Motor_Right)
    i.PWM_Cycle_Rate                         0x000006a4   Section        0  pwm.o(i.PWM_Cycle_Rate)
    i.PWM_Init                               0x000006bc   Section        0  pwm.o(i.PWM_Init)
    i.PWM_Write                              0x00000774   Section        0  pwm.o(i.PWM_Write)
    i.Serial_ReadData                        0x000007f0   Section        0  serial.o(i.Serial_ReadData)
    i.Serial_WriteData                       0x000007fc   Section        0  serial.o(i.Serial_WriteData)
    i.SystemCoreClockUpdate                  0x00000810   Section        0  system_lpc407x_8x_177x_8x.o(i.SystemCoreClockUpdate)
    i.SystemInit                             0x00000ae4   Section        0  system_lpc407x_8x_177x_8x.o(i.SystemInit)
    i.TIMER2_IRQHandler                      0x00000bd0   Section        0  timer.o(i.TIMER2_IRQHandler)
    i.TIMER3_IRQHandler                      0x00000c2c   Section        0  timer.o(i.TIMER3_IRQHandler)
    i.TimerInit                              0x00000c78   Section        0  timer.o(i.TimerInit)
    i.UART0_IRQHandler                       0x00000c8c   Section        0  serial.o(i.UART0_IRQHandler)
    i.UART3_IRQHandler                       0x00000cdc   Section        0  hm10.o(i.UART3_IRQHandler)
    i.Ultrasonic_Capture_Timer_Init          0x00000d0c   Section        0  timer.o(i.Ultrasonic_Capture_Timer_Init)
    i.Ultrasonic_Start_Trigger_Timer         0x00000d84   Section        0  timer.o(i.Ultrasonic_Start_Trigger_Timer)
    i.Ultrasonic_Trigger_Timer_Init          0x00000db8   Section        0  timer.o(i.Ultrasonic_Trigger_Timer_Init)
    i.__0sprintf$1                           0x00000e74   Section        0  printf1.o(i.__0sprintf$1)
    i.__NVIC_EnableIRQ                       0x00000e9c   Section        0  timer.o(i.__NVIC_EnableIRQ)
    __NVIC_EnableIRQ                         0x00000e9d   Thumb Code    26  timer.o(i.__NVIC_EnableIRQ)
    i.__scatterload_copy                     0x00000eb6   Section       14  handlers.o(i.__scatterload_copy)
    i.__scatterload_null                     0x00000ec4   Section        2  handlers.o(i.__scatterload_null)
    i.__scatterload_zeroinit                 0x00000ec6   Section       14  handlers.o(i.__scatterload_zeroinit)
    i._printf_core                           0x00000ed4   Section        0  printf1.o(i._printf_core)
    _printf_core                             0x00000ed5   Thumb Code   336  printf1.o(i._printf_core)
    i._sputc                                 0x00001028   Section        0  printf1.o(i._sputc)
    _sputc                                   0x00001029   Thumb Code    10  printf1.o(i._sputc)
    i.calculateUSDistance                    0x00001034   Section        0  timer.o(i.calculateUSDistance)
    i.fpu_init                               0x00001058   Section        0  system_lpc407x_8x_177x_8x.o(i.fpu_init)
    i.init                                   0x000010a8   Section        0  main.o(i.init)
    i.main                                   0x00001108   Section        0  main.o(i.main)
    i.motor_pwm_write                        0x00001114   Section        0  main.o(i.motor_pwm_write)
    i.set_pwm1_func                          0x00001134   Section        0  pwm.o(i.set_pwm1_func)
    i.set_pwm_func                           0x00001142   Section        0  pwm.o(i.set_pwm_func)
    i.set_pwm_rates                          0x00001150   Section        0  main.o(i.set_pwm_rates)
    i.update                                 0x000011a8   Section        0  main.o(i.update)
    .conststring                             0x00001680   Section       80  main.o(.conststring)
    .data                                    0x10000000   Section       10  main.o(.data)
    .data                                    0x1000000c   Section        8  external.o(.data)
    .data                                    0x10000014   Section        9  serial.o(.data)
    .data                                    0x1000001d   Section        3  hm10.o(.data)
    .data                                    0x10000020   Section       19  timer.o(.data)
    .data                                    0x10000034   Section       24  adc.o(.data)
    .data                                    0x1000004c   Section       16  system_lpc407x_8x_177x_8x.o(.data)
    .bss                                     0x1000005c   Section      256  main.o(.bss)
    .bss                                     0x1000015c   Section      256  hm10.o(.bss)
    STACK                                    0x10000260   Section     1024  startup_lpc407x_8x_177x_8x.o(STACK)

    Global Symbols

    Symbol Name                              Value     Ov Type        Size  Object(Section)

    BuildAttributes$$THM_ISAv4$E$P$D$K$B$S$7EM$VFPi3$EXTD16$VFPS$VFMA$PE$A:L22UL41UL21$X:L11$S22US41US21$IEEE1$IW$USESV6$~STKCKD$USESV7$~SHL$OSPACE$ROPI$EBA8$MICROLIB$REQ8$PRES8$EABIv2 0x00000000   Number         0  anon$$obj.o ABSOLUTE
    __ARM_use_no_argv                        0x00000000   Number         0  main.o ABSOLUTE
    __Vectors                                0x00000000   Data           4  startup_lpc407x_8x_177x_8x.o(RESET)
    _printf_a                                0x00000000   Number         0  stubs.o ABSOLUTE
    _printf_c                                0x00000000   Number         0  stubs.o ABSOLUTE
    _printf_charcount                        0x00000000   Number         0  stubs.o ABSOLUTE
    _printf_d                                0x00000000   Number         0  stubs.o ABSOLUTE
    _printf_e                                0x00000000   Number         0  stubs.o ABSOLUTE
    _printf_f                                0x00000000   Number         0  stubs.o ABSOLUTE
    _printf_flags                            0x00000000   Number         0  stubs.o ABSOLUTE
    _printf_fp_dec                           0x00000000   Number         0  stubs.o ABSOLUTE
    _printf_fp_hex                           0x00000000   Number         0  stubs.o ABSOLUTE
    _printf_g                                0x00000000   Number         0  stubs.o ABSOLUTE
    _printf_i                                0x00000000   Number         0  stubs.o ABSOLUTE
    _printf_int_dec                          0x00000000   Number         0  stubs.o ABSOLUTE
    _printf_l                                0x00000000   Number         0  stubs.o ABSOLUTE
    _printf_lc                               0x00000000   Number         0  stubs.o ABSOLUTE
    _printf_ll                               0x00000000   Number         0  stubs.o ABSOLUTE
    _printf_lld                              0x00000000   Number         0  stubs.o ABSOLUTE
    _printf_lli                              0x00000000   Number         0  stubs.o ABSOLUTE
    _printf_llo                              0x00000000   Number         0  stubs.o ABSOLUTE
    _printf_llu                              0x00000000   Number         0  stubs.o ABSOLUTE
    _printf_llx                              0x00000000   Number         0  stubs.o ABSOLUTE
    _printf_longlong_dec                     0x00000000   Number         0  stubs.o ABSOLUTE
    _printf_longlong_hex                     0x00000000   Number         0  stubs.o ABSOLUTE
    _printf_longlong_oct                     0x00000000   Number         0  stubs.o ABSOLUTE
    _printf_ls                               0x00000000   Number         0  stubs.o ABSOLUTE
    _printf_mbtowc                           0x00000000   Number         0  stubs.o ABSOLUTE
    _printf_n                                0x00000000   Number         0  stubs.o ABSOLUTE
    _printf_o                                0x00000000   Number         0  stubs.o ABSOLUTE
    _printf_p                                0x00000000   Number         0  stubs.o ABSOLUTE
    _printf_percent                          0x00000000   Number         0  stubs.o ABSOLUTE
    _printf_pre_padding                      0x00000000   Number         0  stubs.o ABSOLUTE
    _printf_return_value                     0x00000000   Number         0  stubs.o ABSOLUTE
    _printf_s                                0x00000000   Number         0  stubs.o ABSOLUTE
    _printf_sizespec                         0x00000000   Number         0  stubs.o ABSOLUTE
    _printf_str                              0x00000000   Number         0  stubs.o ABSOLUTE
    _printf_truncate_signed                  0x00000000   Number         0  stubs.o ABSOLUTE
    _printf_truncate_unsigned                0x00000000   Number         0  stubs.o ABSOLUTE
    _printf_u                                0x00000000   Number         0  stubs.o ABSOLUTE
    _printf_wc                               0x00000000   Number         0  stubs.o ABSOLUTE
    _printf_wctomb                           0x00000000   Number         0  stubs.o ABSOLUTE
    _printf_widthprec                        0x00000000   Number         0  stubs.o ABSOLUTE
    _printf_x                                0x00000000   Number         0  stubs.o ABSOLUTE
    __cpp_initialize__aeabi_                  - Undefined Weak Reference
    __cxa_finalize                            - Undefined Weak Reference
    __decompress                              - Undefined Weak Reference
    _clock_init                               - Undefined Weak Reference
    _microlib_exit                            - Undefined Weak Reference
    __main                                   0x000000e5   Thumb Code     0  entry.o(.ARM.Collect$$$$00000000)
    _main_stk                                0x000000e5   Thumb Code     0  entry2.o(.ARM.Collect$$$$00000001)
    _main_scatterload                        0x000000e9   Thumb Code     0  entry5.o(.ARM.Collect$$$$00000004)
    __main_after_scatterload                 0x000000ed   Thumb Code     0  entry5.o(.ARM.Collect$$$$00000004)
    _main_clock                              0x000000ed   Thumb Code     0  entry7b.o(.ARM.Collect$$$$00000008)
    _main_cpp_init                           0x000000ed   Thumb Code     0  entry8b.o(.ARM.Collect$$$$0000000A)
    _main_init                               0x000000ed   Thumb Code     0  entry9a.o(.ARM.Collect$$$$0000000B)
    __rt_final_cpp                           0x000000f5   Thumb Code     0  entry10a.o(.ARM.Collect$$$$0000000D)
    __rt_final_exit                          0x000000f5   Thumb Code     0  entry11a.o(.ARM.Collect$$$$0000000F)
    Reset_Handler                            0x000000f9   Thumb Code     8  startup_lpc407x_8x_177x_8x.o(.text)
    NMI_Handler                              0x00000101   Thumb Code     2  startup_lpc407x_8x_177x_8x.o(.text)
    HardFault_Handler                        0x00000103   Thumb Code     2  startup_lpc407x_8x_177x_8x.o(.text)
    MemManage_Handler                        0x00000105   Thumb Code     2  startup_lpc407x_8x_177x_8x.o(.text)
    BusFault_Handler                         0x00000107   Thumb Code     2  startup_lpc407x_8x_177x_8x.o(.text)
    UsageFault_Handler                       0x00000109   Thumb Code     2  startup_lpc407x_8x_177x_8x.o(.text)
    SVC_Handler                              0x0000010b   Thumb Code     2  startup_lpc407x_8x_177x_8x.o(.text)
    DebugMon_Handler                         0x0000010d   Thumb Code     2  startup_lpc407x_8x_177x_8x.o(.text)
    PendSV_Handler                           0x0000010f   Thumb Code     2  startup_lpc407x_8x_177x_8x.o(.text)
    SysTick_Handler                          0x00000111   Thumb Code     2  startup_lpc407x_8x_177x_8x.o(.text)
    BOD_IRQHandler                           0x00000113   Thumb Code     0  startup_lpc407x_8x_177x_8x.o(.text)
    CANActivity_IRQHandler                   0x00000113   Thumb Code     0  startup_lpc407x_8x_177x_8x.o(.text)
    CAN_IRQHandler                           0x00000113   Thumb Code     0  startup_lpc407x_8x_177x_8x.o(.text)
    DMA_IRQHandler                           0x00000113   Thumb Code     0  startup_lpc407x_8x_177x_8x.o(.text)
    EEPROM_IRQHandler                        0x00000113   Thumb Code     0  startup_lpc407x_8x_177x_8x.o(.text)
    EINT1_IRQHandler                         0x00000113   Thumb Code     0  startup_lpc407x_8x_177x_8x.o(.text)
    EINT2_IRQHandler                         0x00000113   Thumb Code     0  startup_lpc407x_8x_177x_8x.o(.text)
    EINT3_IRQHandler                         0x00000113   Thumb Code     0  startup_lpc407x_8x_177x_8x.o(.text)
    ENET_IRQHandler                          0x00000113   Thumb Code     0  startup_lpc407x_8x_177x_8x.o(.text)
    GPIO_IRQHandler                          0x00000113   Thumb Code     0  startup_lpc407x_8x_177x_8x.o(.text)
    I2C0_IRQHandler                          0x00000113   Thumb Code     0  startup_lpc407x_8x_177x_8x.o(.text)
    I2C1_IRQHandler                          0x00000113   Thumb Code     0  startup_lpc407x_8x_177x_8x.o(.text)
    I2C2_IRQHandler                          0x00000113   Thumb Code     0  startup_lpc407x_8x_177x_8x.o(.text)
    I2S_IRQHandler                           0x00000113   Thumb Code     0  startup_lpc407x_8x_177x_8x.o(.text)
    LCD_IRQHandler                           0x00000113   Thumb Code     0  startup_lpc407x_8x_177x_8x.o(.text)
    MCI_IRQHandler                           0x00000113   Thumb Code     0  startup_lpc407x_8x_177x_8x.o(.text)
    MCPWM_IRQHandler                         0x00000113   Thumb Code     0  startup_lpc407x_8x_177x_8x.o(.text)
    PLL0_IRQHandler                          0x00000113   Thumb Code     0  startup_lpc407x_8x_177x_8x.o(.text)
    PLL1_IRQHandler                          0x00000113   Thumb Code     0  startup_lpc407x_8x_177x_8x.o(.text)
    PWM0_IRQHandler                          0x00000113   Thumb Code     0  startup_lpc407x_8x_177x_8x.o(.text)
    PWM1_IRQHandler                          0x00000113   Thumb Code     0  startup_lpc407x_8x_177x_8x.o(.text)
    QEI_IRQHandler                           0x00000113   Thumb Code     0  startup_lpc407x_8x_177x_8x.o(.text)
    RTC_IRQHandler                           0x00000113   Thumb Code     0  startup_lpc407x_8x_177x_8x.o(.text)
    SSP0_IRQHandler                          0x00000113   Thumb Code     0  startup_lpc407x_8x_177x_8x.o(.text)
    SSP1_IRQHandler                          0x00000113   Thumb Code     0  startup_lpc407x_8x_177x_8x.o(.text)
    SSP2_IRQHandler                          0x00000113   Thumb Code     0  startup_lpc407x_8x_177x_8x.o(.text)
    TIMER0_IRQHandler                        0x00000113   Thumb Code     0  startup_lpc407x_8x_177x_8x.o(.text)
    TIMER1_IRQHandler                        0x00000113   Thumb Code     0  startup_lpc407x_8x_177x_8x.o(.text)
    UART1_IRQHandler                         0x00000113   Thumb Code     0  startup_lpc407x_8x_177x_8x.o(.text)
    UART2_IRQHandler                         0x00000113   Thumb Code     0  startup_lpc407x_8x_177x_8x.o(.text)
    UART4_IRQHandler                         0x00000113   Thumb Code     0  startup_lpc407x_8x_177x_8x.o(.text)
    USBActivity_IRQHandler                   0x00000113   Thumb Code     0  startup_lpc407x_8x_177x_8x.o(.text)
    USB_IRQHandler                           0x00000113   Thumb Code     0  startup_lpc407x_8x_177x_8x.o(.text)
    WDT_IRQHandler                           0x00000113   Thumb Code     0  startup_lpc407x_8x_177x_8x.o(.text)
    __aeabi_memset                           0x0000011d   Thumb Code    14  memseta.o(.text)
    __aeabi_memset4                          0x0000011d   Thumb Code     0  memseta.o(.text)
    __aeabi_memset8                          0x0000011d   Thumb Code     0  memseta.o(.text)
    __aeabi_memclr                           0x0000012b   Thumb Code     4  memseta.o(.text)
    __aeabi_memclr4                          0x0000012b   Thumb Code     0  memseta.o(.text)
    __aeabi_memclr8                          0x0000012b   Thumb Code     0  memseta.o(.text)
    _memset$wrapper                          0x0000012f   Thumb Code    18  memseta.o(.text)
    strcmp                                   0x00000141   Thumb Code    28  strcmp.o(.text)
    strcpy                                   0x0000015d   Thumb Code    18  strcpy.o(.text)
    __aeabi_uidiv                            0x0000016f   Thumb Code     0  uidiv.o(.text)
    __aeabi_uidivmod                         0x0000016f   Thumb Code    44  uidiv.o(.text)
    __scatterload                            0x0000019d   Thumb Code    28  init.o(.text)
    __scatterload_rt2                        0x0000019d   Thumb Code     0  init.o(.text)
    ADC_IRQHandler                           0x000001c1   Thumb Code   132  adc.o(i.ADC_IRQHandler)
    ADC_Init                                 0x00000261   Thumb Code    78  adc.o(i.ADC_Init)
    ADC_LDR_Start                            0x000002b9   Thumb Code    16  adc.o(i.ADC_LDR_Start)
    ADC_Pm_Start                             0x000002cd   Thumb Code    16  adc.o(i.ADC_Pm_Start)
    HM10_ClearBuffer                         0x000002e1   Thumb Code    18  hm10.o(i.HM10_ClearBuffer)
    ADC_LDR_Init                             0x00000301   Thumb Code    62  adc.o(i.ADC_LDR_Init)
    ADC_Pm_Init                              0x00000349   Thumb Code    46  adc.o(i.ADC_Pm_Init)
    ADC_Timer_Init                           0x00000381   Thumb Code   134  timer.o(i.ADC_Timer_Init)
    EINT0_IRQHandler                         0x00000415   Thumb Code    52  external.o(i.EINT0_IRQHandler)
    External_Init                            0x00000459   Thumb Code    88  external.o(i.External_Init)
    HM10_Init                                0x000004bd   Thumb Code   122  hm10.o(i.HM10_Init)
    HM10_ReadData                            0x00000545   Thumb Code    20  hm10.o(i.HM10_ReadData)
    HM10_SendCommand                         0x0000055d   Thumb Code    12  hm10.o(i.HM10_SendCommand)
    HM10_Write                               0x00000569   Thumb Code    22  hm10.o(i.HM10_Write)
    HM10_WriteData                           0x00000581   Thumb Code    20  hm10.o(i.HM10_WriteData)
    MotorA_Clockwise                         0x00000599   Thumb Code    16  gpio.o(i.MotorA_Clockwise)
    MotorA_CounterClockwise                  0x000005ad   Thumb Code    16  gpio.o(i.MotorA_CounterClockwise)
    MotorA_Init                              0x000005c1   Thumb Code    52  gpio.o(i.MotorA_Init)
    MotorB_Clockwise                         0x00000601   Thumb Code    16  gpio.o(i.MotorB_Clockwise)
    MotorB_CounterClockwise                  0x00000615   Thumb Code    16  gpio.o(i.MotorB_CounterClockwise)
    MotorB_Init                              0x00000629   Thumb Code    52  gpio.o(i.MotorB_Init)
    Motor_Backward                           0x00000669   Thumb Code    12  gpio.o(i.Motor_Backward)
    Motor_Forward                            0x00000675   Thumb Code    12  gpio.o(i.Motor_Forward)
    Motor_Init                               0x00000681   Thumb Code    12  gpio.o(i.Motor_Init)
    Motor_Left                               0x0000068d   Thumb Code    12  gpio.o(i.Motor_Left)
    Motor_Right                              0x00000699   Thumb Code    12  gpio.o(i.Motor_Right)
    PWM_Cycle_Rate                           0x000006a5   Thumb Code    24  pwm.o(i.PWM_Cycle_Rate)
    PWM_Init                                 0x000006bd   Thumb Code   158  pwm.o(i.PWM_Init)
    PWM_Write                                0x00000775   Thumb Code   122  pwm.o(i.PWM_Write)
    Serial_ReadData                          0x000007f1   Thumb Code     6  serial.o(i.Serial_ReadData)
    Serial_WriteData                         0x000007fd   Thumb Code    12  serial.o(i.Serial_WriteData)
    SystemCoreClockUpdate                    0x00000811   Thumb Code   696  system_lpc407x_8x_177x_8x.o(i.SystemCoreClockUpdate)
    SystemInit                               0x00000ae5   Thumb Code   220  system_lpc407x_8x_177x_8x.o(i.SystemInit)
    TIMER2_IRQHandler                        0x00000bd1   Thumb Code    70  timer.o(i.TIMER2_IRQHandler)
    TIMER3_IRQHandler                        0x00000c2d   Thumb Code    68  timer.o(i.TIMER3_IRQHandler)
    TimerInit                                0x00000c79   Thumb Code    20  timer.o(i.TimerInit)
    UART0_IRQHandler                         0x00000c8d   Thumb Code    64  serial.o(i.UART0_IRQHandler)
    UART3_IRQHandler                         0x00000cdd   Thumb Code    34  hm10.o(i.UART3_IRQHandler)
    Ultrasonic_Capture_Timer_Init            0x00000d0d   Thumb Code   106  timer.o(i.Ultrasonic_Capture_Timer_Init)
    Ultrasonic_Start_Trigger_Timer           0x00000d85   Thumb Code    48  timer.o(i.Ultrasonic_Start_Trigger_Timer)
    Ultrasonic_Trigger_Timer_Init            0x00000db9   Thumb Code   158  timer.o(i.Ultrasonic_Trigger_Timer_Init)
    __0sprintf$1                             0x00000e75   Thumb Code    34  printf1.o(i.__0sprintf$1)
    __1sprintf$1                             0x00000e75   Thumb Code     0  printf1.o(i.__0sprintf$1)
    __2sprintf                               0x00000e75   Thumb Code     0  printf1.o(i.__0sprintf$1)
    __scatterload_copy                       0x00000eb7   Thumb Code    14  handlers.o(i.__scatterload_copy)
    __scatterload_null                       0x00000ec5   Thumb Code     2  handlers.o(i.__scatterload_null)
    __scatterload_zeroinit                   0x00000ec7   Thumb Code    14  handlers.o(i.__scatterload_zeroinit)
    calculateUSDistance                      0x00001035   Thumb Code    24  timer.o(i.calculateUSDistance)
    fpu_init                                 0x00001059   Thumb Code    62  system_lpc407x_8x_177x_8x.o(i.fpu_init)
    init                                     0x000010a9   Thumb Code    80  main.o(i.init)
    main                                     0x00001109   Thumb Code    12  main.o(i.main)
    motor_pwm_write                          0x00001115   Thumb Code    26  main.o(i.motor_pwm_write)
    set_pwm1_func                            0x00001135   Thumb Code    14  pwm.o(i.set_pwm1_func)
    set_pwm_func                             0x00001143   Thumb Code    14  pwm.o(i.set_pwm_func)
    set_pwm_rates                            0x00001151   Thumb Code    80  main.o(i.set_pwm_rates)
    update                                   0x000011a9   Thumb Code  1226  main.o(i.update)
    Region$$Table$$Base                      0x000016d0   Number         0  anon$$obj.o(Region$$Table)
    Region$$Table$$Limit                     0x000016f0   Number         0  anon$$obj.o(Region$$Table)
    mode                                     0x10000000   Data           1  main.o(.data)
    stop                                     0x10000001   Data           1  main.o(.data)
    speed                                    0x10000004   Data           4  main.o(.data)
    started                                  0x10000008   Data           1  main.o(.data)
    finished                                 0x10000009   Data           1  main.o(.data)
    counter                                  0x1000000c   Data           1  external.o(.data)
    rotations                                0x10000010   Data           4  external.o(.data)
    serialReceivedCharacter                  0x10000014   Data           1  serial.o(.data)
    serialNewDataAvailable                   0x10000015   Data           1  serial.o(.data)
    serialTransmitData                       0x10000018   Data           4  serial.o(.data)
    serialTransmitCompleted                  0x1000001c   Data           1  serial.o(.data)
    HM10CurrentBufferIndex                   0x1000001d   Data           1  hm10.o(.data)
    HM10NewDataAvailable                     0x1000001e   Data           1  hm10.o(.data)
    HM10index                                0x1000001f   Data           1  hm10.o(.data)
    ultrasonicSensorRisingCaptureTime        0x10000020   Data           4  timer.o(.data)
    ultrasonicSensorFallingCaptureTime       0x10000024   Data           4  timer.o(.data)
    ultrasonicSensorDuration                 0x10000028   Data           4  timer.o(.data)
    ultrasonicSensorDistance                 0x1000002c   Data           4  timer.o(.data)
    ultrasonicSensorNewDataAvailable         0x10000030   Data           1  timer.o(.data)
    ultrasonicSensorTriggerStart             0x10000031   Data           1  timer.o(.data)
    ultrasonicSensorCaptureRisingEdge        0x10000032   Data           1  timer.o(.data)
    ADC_Pm_Last                              0x10000034   Data           4  adc.o(.data)
    ADC_Pm_New_Data_Available                0x10000038   Data           1  adc.o(.data)
    ADC_LDR_Last                             0x1000003c   Data           4  adc.o(.data)
    ADC_LDR_New_Data_Available               0x10000040   Data           1  adc.o(.data)
    LDR1_value                               0x10000044   Data           4  adc.o(.data)
    LDR2_value                               0x10000048   Data           4  adc.o(.data)
    SystemCoreClock                          0x1000004c   Data           4  system_lpc407x_8x_177x_8x.o(.data)
    PeripheralClock                          0x10000050   Data           4  system_lpc407x_8x_177x_8x.o(.data)
    EMCClock                                 0x10000054   Data           4  system_lpc407x_8x_177x_8x.o(.data)
    USBClock                                 0x10000058   Data           4  system_lpc407x_8x_177x_8x.o(.data)
    characters                               0x1000005c   Data         256  main.o(.bss)
    HM10Buffer                               0x1000015c   Data         256  hm10.o(.bss)
    __initial_sp                             0x10000660   Data           0  startup_lpc407x_8x_177x_8x.o(STACK)



==============================================================================

Memory Map of the image

  Image Entry point : 0x000000f9

  Load Region LR_1 (Base: 0x00000000, Size: 0x0000174c, Max: 0xffffffff, ABSOLUTE)

    Execution Region ER_RO (Exec base: 0x00000000, Load base: 0x00000000, Size: 0x000016f0, Max: 0xffffffff, ABSOLUTE)

    Exec Addr    Load Addr    Size         Type   Attr      Idx    E Section Name        Object

    0x00000000   0x00000000   0x000000e4   Data   RO          713    RESET               startup_lpc407x_8x_177x_8x.o
    0x000000e4   0x000000e4   0x00000000   Code   RO          763  * .ARM.Collect$$$$00000000  mc_w.l(entry.o)
    0x000000e4   0x000000e4   0x00000004   Code   RO         1033    .ARM.Collect$$$$00000001  mc_w.l(entry2.o)
    0x000000e8   0x000000e8   0x00000004   Code   RO         1036    .ARM.Collect$$$$00000004  mc_w.l(entry5.o)
    0x000000ec   0x000000ec   0x00000000   Code   RO         1038    .ARM.Collect$$$$00000008  mc_w.l(entry7b.o)
    0x000000ec   0x000000ec   0x00000000   Code   RO         1040    .ARM.Collect$$$$0000000A  mc_w.l(entry8b.o)
    0x000000ec   0x000000ec   0x00000008   Code   RO         1041    .ARM.Collect$$$$0000000B  mc_w.l(entry9a.o)
    0x000000f4   0x000000f4   0x00000000   Code   RO         1043    .ARM.Collect$$$$0000000D  mc_w.l(entry10a.o)
    0x000000f4   0x000000f4   0x00000000   Code   RO         1045    .ARM.Collect$$$$0000000F  mc_w.l(entry11a.o)
    0x000000f4   0x000000f4   0x00000004   Code   RO         1034    .ARM.Collect$$$$00002712  mc_w.l(entry2.o)
    0x000000f8   0x000000f8   0x00000024   Code   RO          715  * .text               startup_lpc407x_8x_177x_8x.o
    0x0000011c   0x0000011c   0x00000024   Code   RO          766    .text               mc_w.l(memseta.o)
    0x00000140   0x00000140   0x0000001c   Code   RO          768    .text               mc_w.l(strcmp.o)
    0x0000015c   0x0000015c   0x00000012   Code   RO          770    .text               mc_w.l(strcpy.o)
    0x0000016e   0x0000016e   0x0000002c   Code   RO         1050    .text               mc_w.l(uidiv.o)
    0x0000019a   0x0000019a   0x00000002   PAD
    0x0000019c   0x0000019c   0x00000024   Code   RO         1065    .text               mc_w.l(init.o)
    0x000001c0   0x000001c0   0x000000a0   Code   RO          642    i.ADC_IRQHandler    adc.o
    0x00000260   0x00000260   0x00000058   Code   RO          643    i.ADC_Init          adc.o
    0x000002b8   0x000002b8   0x00000014   Code   RO          646    i.ADC_LDR_Start     adc.o
    0x000002cc   0x000002cc   0x00000014   Code   RO          649    i.ADC_Pm_Start      adc.o
    0x000002e0   0x000002e0   0x0000001c   Code   RO          489    i.HM10_ClearBuffer  hm10.o
    0x000002fc   0x000002fc   0x00000004   Code   RO          714    .ARM.__at_0x02FC    startup_lpc407x_8x_177x_8x.o
    0x00000300   0x00000300   0x00000048   Code   RO          645    i.ADC_LDR_Init      adc.o
    0x00000348   0x00000348   0x00000038   Code   RO          648    i.ADC_Pm_Init       adc.o
    0x00000380   0x00000380   0x00000094   Code   RO          561    i.ADC_Timer_Init    timer.o
    0x00000414   0x00000414   0x00000044   Code   RO          284    i.EINT0_IRQHandler  external.o
    0x00000458   0x00000458   0x00000064   Code   RO          285    i.External_Init     external.o
    0x000004bc   0x000004bc   0x00000088   Code   RO          490    i.HM10_Init         hm10.o
    0x00000544   0x00000544   0x00000018   Code   RO          491    i.HM10_ReadData     hm10.o
    0x0000055c   0x0000055c   0x0000000c   Code   RO          492    i.HM10_SendCommand  hm10.o
    0x00000568   0x00000568   0x00000016   Code   RO          493    i.HM10_Write        hm10.o
    0x0000057e   0x0000057e   0x00000002   PAD
    0x00000580   0x00000580   0x00000018   Code   RO          494    i.HM10_WriteData    hm10.o
    0x00000598   0x00000598   0x00000014   Code   RO          128    i.MotorA_Clockwise  gpio.o
    0x000005ac   0x000005ac   0x00000014   Code   RO          129    i.MotorA_CounterClockwise  gpio.o
    0x000005c0   0x000005c0   0x00000040   Code   RO          130    i.MotorA_Init       gpio.o
    0x00000600   0x00000600   0x00000014   Code   RO          131    i.MotorB_Clockwise  gpio.o
    0x00000614   0x00000614   0x00000014   Code   RO          132    i.MotorB_CounterClockwise  gpio.o
    0x00000628   0x00000628   0x00000040   Code   RO          133    i.MotorB_Init       gpio.o
    0x00000668   0x00000668   0x0000000c   Code   RO          134    i.Motor_Backward    gpio.o
    0x00000674   0x00000674   0x0000000c   Code   RO          135    i.Motor_Forward     gpio.o
    0x00000680   0x00000680   0x0000000c   Code   RO          136    i.Motor_Init        gpio.o
    0x0000068c   0x0000068c   0x0000000c   Code   RO          137    i.Motor_Left        gpio.o
    0x00000698   0x00000698   0x0000000c   Code   RO          138    i.Motor_Right       gpio.o
    0x000006a4   0x000006a4   0x00000018   Code   RO          233    i.PWM_Cycle_Rate    pwm.o
    0x000006bc   0x000006bc   0x000000b8   Code   RO          234    i.PWM_Init          pwm.o
    0x00000774   0x00000774   0x0000007a   Code   RO          235    i.PWM_Write         pwm.o
    0x000007ee   0x000007ee   0x00000002   PAD
    0x000007f0   0x000007f0   0x0000000c   Code   RO          436    i.Serial_ReadData   serial.o
    0x000007fc   0x000007fc   0x00000014   Code   RO          437    i.Serial_WriteData  serial.o
    0x00000810   0x00000810   0x000002d4   Code   RO          724    i.SystemCoreClockUpdate  system_lpc407x_8x_177x_8x.o
    0x00000ae4   0x00000ae4   0x000000ec   Code   RO          725    i.SystemInit        system_lpc407x_8x_177x_8x.o
    0x00000bd0   0x00000bd0   0x0000005c   Code   RO          562    i.TIMER2_IRQHandler  timer.o
    0x00000c2c   0x00000c2c   0x0000004c   Code   RO          563    i.TIMER3_IRQHandler  timer.o
    0x00000c78   0x00000c78   0x00000014   Code   RO          564    i.TimerInit         timer.o
    0x00000c8c   0x00000c8c   0x00000050   Code   RO          438    i.UART0_IRQHandler  serial.o
    0x00000cdc   0x00000cdc   0x00000030   Code   RO          495    i.UART3_IRQHandler  hm10.o
    0x00000d0c   0x00000d0c   0x00000078   Code   RO          565    i.Ultrasonic_Capture_Timer_Init  timer.o
    0x00000d84   0x00000d84   0x00000034   Code   RO          566    i.Ultrasonic_Start_Trigger_Timer  timer.o
    0x00000db8   0x00000db8   0x000000bc   Code   RO          567    i.Ultrasonic_Trigger_Timer_Init  timer.o
    0x00000e74   0x00000e74   0x00000028   Code   RO          819    i.__0sprintf$1      mc_w.l(printf1.o)
    0x00000e9c   0x00000e9c   0x0000001a   Code   RO          568    i.__NVIC_EnableIRQ  timer.o
    0x00000eb6   0x00000eb6   0x0000000e   Code   RO         1079    i.__scatterload_copy  mc_w.l(handlers.o)
    0x00000ec4   0x00000ec4   0x00000002   Code   RO         1080    i.__scatterload_null  mc_w.l(handlers.o)
    0x00000ec6   0x00000ec6   0x0000000e   Code   RO         1081    i.__scatterload_zeroinit  mc_w.l(handlers.o)
    0x00000ed4   0x00000ed4   0x00000154   Code   RO          824    i._printf_core      mc_w.l(printf1.o)
    0x00001028   0x00001028   0x0000000a   Code   RO          826    i._sputc            mc_w.l(printf1.o)
    0x00001032   0x00001032   0x00000002   PAD
    0x00001034   0x00001034   0x00000024   Code   RO          569    i.calculateUSDistance  timer.o
    0x00001058   0x00001058   0x00000050   Code   RO          726    i.fpu_init          system_lpc407x_8x_177x_8x.o
    0x000010a8   0x000010a8   0x00000060   Code   RO            4    i.init              main.o
    0x00001108   0x00001108   0x0000000c   Code   RO            5    i.main              main.o
    0x00001114   0x00001114   0x00000020   Code   RO            6    i.motor_pwm_write   main.o
    0x00001134   0x00001134   0x0000000e   Code   RO          236    i.set_pwm1_func     pwm.o
    0x00001142   0x00001142   0x0000000e   Code   RO          237    i.set_pwm_func      pwm.o
    0x00001150   0x00001150   0x00000058   Code   RO            7    i.set_pwm_rates     main.o
    0x000011a8   0x000011a8   0x000004d8   Code   RO            8    i.update            main.o
    0x00001680   0x00001680   0x00000050   Data   RO           10    .conststring        main.o
    0x000016d0   0x000016d0   0x00000020   Data   RO         1077    Region$$Table       anon$$obj.o


    Execution Region ER_RW (Exec base: 0x10000000, Load base: 0x000016f0, Size: 0x0000005c, Max: 0xffffffff, ABSOLUTE)

    Exec Addr    Load Addr    Size         Type   Attr      Idx    E Section Name        Object

    0x10000000   0x000016f0   0x0000000a   Data   RW           11    .data               main.o
    0x1000000a   0x000016fa   0x00000002   PAD
    0x1000000c   0x000016fc   0x00000008   Data   RW          286    .data               external.o
    0x10000014   0x00001704   0x00000009   Data   RW          440    .data               serial.o
    0x1000001d   0x0000170d   0x00000003   Data   RW          497    .data               hm10.o
    0x10000020   0x00001710   0x00000013   Data   RW          570    .data               timer.o
    0x10000033   0x00001723   0x00000001   PAD
    0x10000034   0x00001724   0x00000018   Data   RW          650    .data               adc.o
    0x1000004c   0x0000173c   0x00000010   Data   RW          727    .data               system_lpc407x_8x_177x_8x.o


    Execution Region ER_ZI (Exec base: 0x1000005c, Load base: 0x0000174c, Size: 0x00000604, Max: 0xffffffff, ABSOLUTE)

    Exec Addr    Load Addr    Size         Type   Attr      Idx    E Section Name        Object

    0x1000005c        -       0x00000100   Zero   RW            9    .bss                main.o
    0x1000015c        -       0x00000100   Zero   RW          496    .bss                hm10.o
    0x1000025c   0x0000174c   0x00000004   PAD
    0x10000260        -       0x00000400   Zero   RW          711    STACK               startup_lpc407x_8x_177x_8x.o


==============================================================================

Image component sizes


      Code (inc. data)   RO Data    RW Data    ZI Data      Debug   Object Name

       416         66          0         24          0       3542   adc.o
       168         28          0          8          0      31386   external.o
       268         40          0          0          0       5095   gpio.o
       294         46          0          3        256       4218   hm10.o
      1468        204         80         10        256      31431   main.o
       358         26          0          0          0       4371   pwm.o
       112         30          0          9          0       1924   serial.o
        40         12        228          0       1024       1092   startup_lpc407x_8x_177x_8x.o
      1040         62          0         16          0       4596   system_lpc407x_8x_177x_8x.o
       758        104          0         19          0      35544   timer.o

    ----------------------------------------------------------------------
      4926        618        340         92       1540     123199   Object Totals
         0          0         32          0          0          0   (incl. Generated)
         4          0          0          3          4          0   (incl. Padding)

    ----------------------------------------------------------------------

      Code (inc. data)   RO Data    RW Data    ZI Data      Debug   Library Member Name

         0          0          0          0          0          0   entry.o
         0          0          0          0          0          0   entry10a.o
         0          0          0          0          0          0   entry11a.o
         8          4          0          0          0          0   entry2.o
         4          0          0          0          0          0   entry5.o
         0          0          0          0          0          0   entry7b.o
         0          0          0          0          0          0   entry8b.o
         8          4          0          0          0          0   entry9a.o
        30          0          0          0          0          0   handlers.o
        36          8          0          0          0         68   init.o
        36          0          0          0          0        108   memseta.o
       390         10          0          0          0        252   printf1.o
        28          0          0          0          0         76   strcmp.o
        18          0          0          0          0         68   strcpy.o
        44          0          0          0          0         80   uidiv.o

    ----------------------------------------------------------------------
       606         26          0          0          0        652   Library Totals
         4          0          0          0          0          0   (incl. Padding)

    ----------------------------------------------------------------------

      Code (inc. data)   RO Data    RW Data    ZI Data      Debug   Library Name

       602         26          0          0          0        652   mc_w.l

    ----------------------------------------------------------------------
       606         26          0          0          0        652   Library Totals

    ----------------------------------------------------------------------

==============================================================================


      Code (inc. data)   RO Data    RW Data    ZI Data      Debug   

      5532        644        340         92       1540     119195   Grand Totals
      5532        644        340         92       1540     119195   ELF Image Totals
      5532        644        340         92          0          0   ROM Totals

==============================================================================

    Total RO  Size (Code + RO Data)                 5872 (   5.73kB)
    Total RW  Size (RW Data + ZI Data)              1632 (   1.59kB)
    Total ROM Size (Code + RO Data + RW Data)       5964 (   5.82kB)

==============================================================================

